<!doctype html public "-//w3c//dtd html 4.0 transitional//en">
<html><head>
<title>Static Call Graph - [.\Objects\ble_hid_uart_mult_roles.axf]</title></head>
<body><HR>
<H1>Static Call Graph for image .\Objects\ble_hid_uart_mult_roles.axf</H1><HR>
<BR><P>#&#060CALLGRAPH&#062# ARM Linker, 5060960: Last Updated: Tue Nov 05 09:56:58 2024
<BR><P>
<H3>Maximum Stack Usage =       1072 bytes + Unknown(Cycles, Untraceable Function Pointers)</H3><H3>
Call chain for Maximum Stack Depth:</H3>
ble_sm_sc_public_key_rx &rArr; ble_sm_alg_gen_key_pair &rArr; uECC_make_key &rArr; EccPoint_compute_public_key &rArr; EccPoint_mult &rArr; XYcZ_addC &rArr; uECC_vli_mult &rArr; __ARM_common_ll_muluu
<P>
<H3>
Mutually Recursive functions
</H3> <LI><a href="#[a]">NMI_Handler</a>&nbsp;&nbsp;&nbsp;&rArr;&nbsp;&nbsp;&nbsp;<a href="#[a]">NMI_Handler</a><BR>
 <LI><a href="#[24]">BOD_IRQHandler</a>&nbsp;&nbsp;&nbsp;&rArr;&nbsp;&nbsp;&nbsp;<a href="#[24]">BOD_IRQHandler</a><BR>
 <LI><a href="#[297]">abort</a>&nbsp;&nbsp;&nbsp;&rArr;&nbsp;&nbsp;&nbsp;<a href="#[297]">abort</a><BR>
</UL>
<P>
<H3>
Function Pointers
</H3><UL>
 <LI><a href="#[13]">ADC_IRQHandler</a> from nimble_glue_spark.o(.ramfunc) referenced from startup_panseries.o(RESET)
 <LI><a href="#[2b]">BB_DebugReset</a> from bb.o(.ramfunc) referenced from bb.o(i.BB_DebugInit)
 <LI><a href="#[24]">BOD_IRQHandler</a> from startup_panseries.o(.text) referenced from startup_panseries.o(RESET)
 <LI><a href="#[23]">DMA_IRQHandler</a> from startup_panseries.o(.text) referenced from startup_panseries.o(RESET)
 <LI><a href="#[1c]">GPIO0_IRQHandler</a> from startup_panseries.o(.text) referenced from startup_panseries.o(RESET)
 <LI><a href="#[1d]">GPIO1_IRQHandler</a> from startup_panseries.o(.text) referenced from startup_panseries.o(RESET)
 <LI><a href="#[1e]">GPIO2_IRQHandler</a> from startup_panseries.o(.text) referenced from startup_panseries.o(RESET)
 <LI><a href="#[1f]">GPIO3_IRQHandler</a> from startup_panseries.o(.text) referenced from startup_panseries.o(RESET)
 <LI><a href="#[b]">HardFault_Handler</a> from retarget.o(.emb_text) referenced from startup_panseries.o(RESET)
 <LI><a href="#[28]">Hard_Fault_Handler</a> from retarget.o(i.Hard_Fault_Handler) referenced from retarget.o(.emb_text)
 <LI><a href="#[f]">I2C0_IRQHandler</a> from startup_panseries.o(.text) referenced from startup_panseries.o(RESET)
 <LI><a href="#[2f]">LHCI_LlTxFifoAvail</a> from lhci_main.o(i.LHCI_LlTxFifoAvail) referenced from lhci_main.o(i.LHCI_Init)
 <LI><a href="#[2c]">LHCI_MsgHandler</a> from lhci_main.o(i.LHCI_MsgHandler) referenced from lhci_main.o(i.LHCI_Init)
 <LI><a href="#[2e]">LHCI_TxAclHandler</a> from lhci_acl.o(i.LHCI_TxAclHandler) referenced from lhci_main.o(i.LHCI_Init)
 <LI><a href="#[2d]">LHCI_TxEvtHandler</a> from lhci_evt.o(i.LHCI_TxEvtHandler) referenced from lhci_main.o(i.LHCI_Init)
 <LI><a href="#[37]">LL_AdvEvtHandler</a> from ll_adv.o(.ramfunc) referenced from ll_adv.o(i.LL_SlvAdvInit)
 <LI><a href="#[36]">LL_AdvPduHandler</a> from ll_pdu_adv.o(i.LL_AdvPduHandler) referenced from ll_adv.o(i.LL_SlvAdvInit)
 <LI><a href="#[ff]">LL_ChnMapIndHandler</a> from ll_pdu_conn.o(i.LL_ChnMapIndHandler) referenced from ll_pdu_conn.o(.constdata)
 <LI><a href="#[30]">LL_ConnEvtHandler</a> from ll_conn_comm.o(.ramfunc) referenced from ll_conn.o(i.LL_ConnInit)
 <LI><a href="#[fe]">LL_ConnUpdIndHandler</a> from ll_pdu_conn.o(i.LL_ConnUpdIndHandler) referenced from ll_pdu_conn.o(.constdata)
 <LI><a href="#[110]">LL_DataLenReqHandler</a> from ll_pdu_conn.o(i.LL_DataLenReqHandler) referenced from ll_pdu_conn.o(.constdata)
 <LI><a href="#[111]">LL_DataLenRspHandler</a> from ll_pdu_conn.o(i.LL_DataLenRspHandler) referenced from ll_pdu_conn.o(.constdata)
 <LI><a href="#[101]">LL_EncReqHandler</a> from ll_pdu_conn.o(i.LL_EncReqHandler) referenced from ll_pdu_conn.o(.constdata)
 <LI><a href="#[102]">LL_EncRspHandler</a> from ll_pdu_conn.o(i.LL_EncRspHandler) referenced from ll_pdu_conn.o(.constdata)
 <LI><a href="#[106]">LL_FeatReqHandler</a> from ll_pdu_conn.o(i.LL_FeatReqHandler) referenced from ll_pdu_conn.o(.constdata)
 <LI><a href="#[107]">LL_FeatRspHandler</a> from ll_pdu_conn.o(i.LL_FeatRspHandler) referenced from ll_pdu_conn.o(.constdata)
 <LI><a href="#[18]">LL_IRQHandler</a> from nimble_glue_spark.o(.ramfunc) referenced from startup_panseries.o(RESET)
 <LI><a href="#[33]">LL_InitiatorPduHandler</a> from ll_pdu_scan.o(.ramfunc) referenced from ll_scan.o(i.LL_MstInitiatorInit)
 <LI><a href="#[31]">LL_MsgHandler</a> from ll_init.o(i.LL_MsgHandler) referenced from ll_init.o(i.LL_Init)
 <LI><a href="#[32]">LL_MstConnEvtHandler</a> from ll_conn_mst.o(.ramfunc) referenced from ll_conn_mst.o(i.LL_MstInit)
 <LI><a href="#[108]">LL_PauseEncReqHandler</a> from ll_pdu_conn.o(i.LL_PauseEncReqHandler) referenced from ll_pdu_conn.o(.constdata)
 <LI><a href="#[109]">LL_PauseEncRspHandler</a> from ll_pdu_conn.o(i.LL_PauseEncRspHandler) referenced from ll_pdu_conn.o(.constdata)
 <LI><a href="#[112]">LL_PhyReqHandler</a> from ll_pdu_conn.o(i.LL_PhyReqHandler) referenced from ll_pdu_conn.o(.constdata)
 <LI><a href="#[113]">LL_PhyRspHandler</a> from ll_pdu_conn.o(i.LL_PhyRspHandler) referenced from ll_pdu_conn.o(.constdata)
 <LI><a href="#[114]">LL_PhyUpdIndHandler</a> from ll_pdu_conn.o(i.LL_PhyUpdIndHandler) referenced from ll_pdu_conn.o(.constdata)
 <LI><a href="#[10e]">LL_PingReqHandler</a> from ll_pdu_conn.o(i.LL_PingReqHandler) referenced from ll_pdu_conn.o(.constdata)
 <LI><a href="#[10f]">LL_PingRspHandler</a> from ll_pdu_conn.o(i.LL_PingRspHandler) referenced from ll_pdu_conn.o(.constdata)
 <LI><a href="#[10d]">LL_RejectExtIndHandler</a> from ll_pdu_conn.o(i.LL_RejectExtIndHandler) referenced from ll_pdu_conn.o(.constdata)
 <LI><a href="#[10b]">LL_RejectIndHandler</a> from ll_pdu_conn.o(i.LL_RejectIndHandler) referenced from ll_pdu_conn.o(.constdata)
 <LI><a href="#[35]">LL_ScanEvtHandler</a> from ll_scan.o(.ramfunc) referenced from ll_scan.o(i.LL_MstScanInit)
 <LI><a href="#[34]">LL_ScanPduHandler</a> from ll_pdu_scan.o(i.LL_ScanPduHandler) referenced from ll_scan.o(i.LL_MstScanInit)
 <LI><a href="#[38]">LL_SlvConnEvtHandler</a> from ll_conn_slv.o(.ramfunc) referenced from ll_conn_slv.o(i.LL_SlvInit)
 <LI><a href="#[10c]">LL_SlvFeatReqHandler</a> from ll_pdu_conn.o(i.LL_SlvFeatReqHandler) referenced from ll_pdu_conn.o(.constdata)
 <LI><a href="#[103]">LL_StartEncReqHandler</a> from ll_pdu_conn.o(i.LL_StartEncReqHandler) referenced from ll_pdu_conn.o(.constdata)
 <LI><a href="#[104]">LL_StartEncRspHandler</a> from ll_pdu_conn.o(i.LL_StartEncRspHandler) referenced from ll_pdu_conn.o(.constdata)
 <LI><a href="#[100]">LL_TerminateIndHandler</a> from ll_pdu_conn.o(i.LL_TerminateIndHandler) referenced from ll_pdu_conn.o(.constdata)
 <LI><a href="#[105]">LL_UnKnownRspHandler</a> from ll_pdu_conn.o(i.LL_UnKnownRspHandler) referenced from ll_pdu_conn.o(.constdata)
 <LI><a href="#[10a]">LL_VerIndHandler</a> from ll_pdu_conn.o(i.LL_VerIndHandler) referenced from ll_pdu_conn.o(.constdata)
 <LI><a href="#[26]">LP_IRQHandler</a> from startup_panseries.o(.text) referenced from startup_panseries.o(RESET)
 <LI><a href="#[a]">NMI_Handler</a> from startup_panseries.o(.text) referenced from startup_panseries.o(RESET)
 <LI><a href="#[12]">PWM_IRQHandler</a> from startup_panseries.o(.text) referenced from startup_panseries.o(RESET)
 <LI><a href="#[d]">PendSV_Handler</a> from port.o(.ramfunc) referenced from startup_panseries.o(RESET)
 <LI><a href="#[115]">Reset_Handler</a> from startup_panseries.o(.text) referenced from startup_panseries.o(RESET)
 <LI><a href="#[25]">SLPTMR_IRQHandler</a> from startup_panseries.o(.text) referenced from startup_panseries.o(RESET)
 <LI><a href="#[10]">SPI0_IRQHandler</a> from startup_panseries.o(.text) referenced from startup_panseries.o(RESET)
 <LI><a href="#[17]">SPI1_IRQHandler</a> from startup_panseries.o(.text) referenced from startup_panseries.o(RESET)
 <LI><a href="#[c]">SVC_Handler</a> from port.o(i.SVC_Handler) referenced from startup_panseries.o(RESET)
 <LI><a href="#[e]">SysTick_Handler</a> from port.o(.ramfunc) referenced from startup_panseries.o(RESET)
 <LI><a href="#[29]">SystemInit</a> from system_panseries.o(i.SystemInit) referenced from startup_panseries.o(.text)
 <LI><a href="#[16]">TMR0_IRQHandler</a> from startup_panseries.o(.text) referenced from startup_panseries.o(RESET)
 <LI><a href="#[1a]">TMR1_IRQHandler</a> from startup_panseries.o(.text) referenced from startup_panseries.o(RESET)
 <LI><a href="#[1b]">TMR2_IRQHandler</a> from startup_panseries.o(.text) referenced from startup_panseries.o(RESET)
 <LI><a href="#[22]">TRIM_IRQHandler</a> from nimble_glue_spark.o(i.TRIM_IRQHandler) referenced from startup_panseries.o(RESET)
 <LI><a href="#[11]">UART0_IRQHandler</a> from startup_panseries.o(.text) referenced from startup_panseries.o(RESET)
 <LI><a href="#[19]">UART1_IRQHandler</a> from uart_at.o(i.UART1_IRQHandler) referenced from startup_panseries.o(RESET)
 <LI><a href="#[20]">USBDMA_IRQHandler</a> from startup_panseries.o(.text) referenced from startup_panseries.o(RESET)
 <LI><a href="#[21]">USB_IRQHandler</a> from startup_panseries.o(.text) referenced from startup_panseries.o(RESET)
 <LI><a href="#[14]">WDT_IRQHandler</a> from startup_panseries.o(.text) referenced from startup_panseries.o(RESET)
 <LI><a href="#[15]">WWDT_IRQHandler</a> from startup_panseries.o(.text) referenced from startup_panseries.o(RESET)
 <LI><a href="#[2a]">__main</a> from entry.o(.ARM.Collect$$$$00000000) referenced from startup_panseries.o(.text)
 <LI><a href="#[3b]">_snputc</a> from printfa.o(i._snputc) referenced from printfa.o(i.__0vsnprintf)
 <LI><a href="#[3a]">_sputc</a> from printfa.o(i._sputc) referenced from printfa.o(i.__0sprintf)
 <LI><a href="#[3c]">app_ble_thread_entry</a> from uart_at.o(i.app_ble_thread_entry) referenced from uart_at.o(i.app_ble_thread_init)
 <LI><a href="#[3]">bd_erase</a> from mtb_init.o(i.bd_erase) referenced 2 times from mtb_init.o(.data)
 <LI><a href="#[6]">bd_erase_size</a> from mtb_init.o(i.bd_erase_size) referenced 2 times from mtb_init.o(.data)
 <LI><a href="#[2]">bd_program</a> from mtb_init.o(i.bd_program) referenced 2 times from mtb_init.o(.data)
 <LI><a href="#[5]">bd_program_size</a> from mtb_init.o(i.bd_program_size) referenced 2 times from mtb_init.o(.data)
 <LI><a href="#[1]">bd_read</a> from mtb_init.o(i.bd_read) referenced 2 times from mtb_init.o(.data)
 <LI><a href="#[4]">bd_read_size</a> from mtb_init.o(i.bd_read_size) referenced 2 times from mtb_init.o(.data)
 <LI><a href="#[54]">ble_app_user_evt</a> from ble_hs.o(i.ble_app_user_evt) referenced from ble_hs.o(i.ble_hs_init)
 <LI><a href="#[76]">ble_att_clt_rx_error</a> from ble_att_clt.o(i.ble_att_clt_rx_error) referenced from ble_att.o(.constdata)
 <LI><a href="#[8c]">ble_att_clt_rx_exec_write</a> from ble_att_clt.o(i.ble_att_clt_rx_exec_write) referenced from ble_att.o(.constdata)
 <LI><a href="#[7a]">ble_att_clt_rx_find_info</a> from ble_att_clt.o(i.ble_att_clt_rx_find_info) referenced from ble_att.o(.constdata)
 <LI><a href="#[7c]">ble_att_clt_rx_find_type_value</a> from ble_att_clt.o(i.ble_att_clt_rx_find_type_value) referenced from ble_att.o(.constdata)
 <LI><a href="#[8f]">ble_att_clt_rx_indicate</a> from ble_att_clt.o(i.ble_att_clt_rx_indicate) referenced from ble_att.o(.constdata)
 <LI><a href="#[78]">ble_att_clt_rx_mtu</a> from ble_att_clt.o(i.ble_att_clt_rx_mtu) referenced from ble_att.o(.constdata)
 <LI><a href="#[8a]">ble_att_clt_rx_prep_write</a> from ble_att_clt.o(i.ble_att_clt_rx_prep_write) referenced from ble_att.o(.constdata)
 <LI><a href="#[80]">ble_att_clt_rx_read</a> from ble_att_clt.o(i.ble_att_clt_rx_read) referenced from ble_att.o(.constdata)
 <LI><a href="#[82]">ble_att_clt_rx_read_blob</a> from ble_att_clt.o(i.ble_att_clt_rx_read_blob) referenced from ble_att.o(.constdata)
 <LI><a href="#[86]">ble_att_clt_rx_read_group_type</a> from ble_att_clt.o(i.ble_att_clt_rx_read_group_type) referenced from ble_att.o(.constdata)
 <LI><a href="#[84]">ble_att_clt_rx_read_mult</a> from ble_att_clt.o(i.ble_att_clt_rx_read_mult) referenced from ble_att.o(.constdata)
 <LI><a href="#[7e]">ble_att_clt_rx_read_type</a> from ble_att_clt.o(i.ble_att_clt_rx_read_type) referenced from ble_att.o(.constdata)
 <LI><a href="#[88]">ble_att_clt_rx_write</a> from ble_att_clt.o(i.ble_att_clt_rx_write) referenced from ble_att.o(.constdata)
 <LI><a href="#[41]">ble_att_rx</a> from ble_att.o(i.ble_att_rx) referenced from ble_att.o(i.ble_att_create_chan)
 <LI><a href="#[8b]">ble_att_svr_rx_exec_write</a> from ble_att_svr.o(i.ble_att_svr_rx_exec_write) referenced from ble_att.o(.constdata)
 <LI><a href="#[79]">ble_att_svr_rx_find_info</a> from ble_att_svr.o(i.ble_att_svr_rx_find_info) referenced from ble_att.o(.constdata)
 <LI><a href="#[7b]">ble_att_svr_rx_find_type_value</a> from ble_att_svr.o(i.ble_att_svr_rx_find_type_value) referenced from ble_att.o(.constdata)
 <LI><a href="#[8e]">ble_att_svr_rx_indicate</a> from ble_att_svr.o(i.ble_att_svr_rx_indicate) referenced from ble_att.o(.constdata)
 <LI><a href="#[77]">ble_att_svr_rx_mtu</a> from ble_att_svr.o(i.ble_att_svr_rx_mtu) referenced from ble_att.o(.constdata)
 <LI><a href="#[8d]">ble_att_svr_rx_notify</a> from ble_att_svr.o(i.ble_att_svr_rx_notify) referenced from ble_att.o(.constdata)
 <LI><a href="#[89]">ble_att_svr_rx_prep_write</a> from ble_att_svr.o(i.ble_att_svr_rx_prep_write) referenced from ble_att.o(.constdata)
 <LI><a href="#[7f]">ble_att_svr_rx_read</a> from ble_att_svr.o(i.ble_att_svr_rx_read) referenced from ble_att.o(.constdata)
 <LI><a href="#[81]">ble_att_svr_rx_read_blob</a> from ble_att_svr.o(i.ble_att_svr_rx_read_blob) referenced from ble_att.o(.constdata)
 <LI><a href="#[85]">ble_att_svr_rx_read_group_type</a> from ble_att_svr.o(i.ble_att_svr_rx_read_group_type) referenced from ble_att.o(.constdata)
 <LI><a href="#[83]">ble_att_svr_rx_read_mult</a> from ble_att_svr.o(i.ble_att_svr_rx_read_mult) referenced from ble_att.o(.constdata)
 <LI><a href="#[7d]">ble_att_svr_rx_read_type</a> from ble_att_svr.o(i.ble_att_svr_rx_read_type) referenced from ble_att.o(.constdata)
 <LI><a href="#[87]">ble_att_svr_rx_write</a> from ble_att_svr.o(i.ble_att_svr_rx_write) referenced from ble_att.o(.constdata)
 <LI><a href="#[90]">ble_att_svr_rx_write_no_rsp</a> from ble_att_svr.o(i.ble_att_svr_rx_write_no_rsp) referenced from ble_att.o(.constdata)
 <LI><a href="#[42]">ble_gap_update_l2cap_cb</a> from ble_gap.o(i.ble_gap_update_l2cap_cb) referenced from ble_gap.o(i.ble_gap_rx_update_complete)
 <LI><a href="#[42]">ble_gap_update_l2cap_cb</a> from ble_gap.o(i.ble_gap_update_l2cap_cb) referenced from ble_gap.o(i.ble_gap_update_params)
 <LI><a href="#[95]">ble_gattc_disc_all_chrs_err</a> from ble_gattc.o(i.ble_gattc_disc_all_chrs_err) referenced from ble_gattc.o(.constdata)
 <LI><a href="#[a3]">ble_gattc_disc_all_chrs_resume</a> from ble_gattc.o(i.ble_gattc_disc_all_chrs_resume) referenced from ble_gattc.o(.constdata)
 <LI><a href="#[b9]">ble_gattc_disc_all_chrs_rx_adata</a> from ble_gattc.o(i.ble_gattc_disc_all_chrs_rx_adata) referenced from ble_gattc.o(.constdata)
 <LI><a href="#[bd]">ble_gattc_disc_all_chrs_rx_complete</a> from ble_gattc.o(i.ble_gattc_disc_all_chrs_rx_complete) referenced from ble_gattc.o(.constdata)
 <LI><a href="#[ad]">ble_gattc_disc_all_chrs_tmo</a> from ble_gattc.o(i.ble_gattc_disc_all_chrs_tmo) referenced from ble_gattc.o(.constdata)
 <LI><a href="#[97]">ble_gattc_disc_all_dscs_err</a> from ble_gattc.o(i.ble_gattc_disc_all_dscs_err) referenced from ble_gattc.o(.constdata)
 <LI><a href="#[a5]">ble_gattc_disc_all_dscs_resume</a> from ble_gattc.o(i.ble_gattc_disc_all_dscs_resume) referenced from ble_gattc.o(.constdata)
 <LI><a href="#[af]">ble_gattc_disc_all_dscs_tmo</a> from ble_gattc.o(i.ble_gattc_disc_all_dscs_tmo) referenced from ble_gattc.o(.constdata)
 <LI><a href="#[92]">ble_gattc_disc_all_svcs_err</a> from ble_gattc.o(i.ble_gattc_disc_all_svcs_err) referenced from ble_gattc.o(.constdata)
 <LI><a href="#[a0]">ble_gattc_disc_all_svcs_resume</a> from ble_gattc.o(i.ble_gattc_disc_all_svcs_resume) referenced from ble_gattc.o(.constdata)
 <LI><a href="#[aa]">ble_gattc_disc_all_svcs_tmo</a> from ble_gattc.o(i.ble_gattc_disc_all_svcs_tmo) referenced from ble_gattc.o(.constdata)
 <LI><a href="#[96]">ble_gattc_disc_chr_uuid_err</a> from ble_gattc.o(i.ble_gattc_disc_chr_uuid_err) referenced from ble_gattc.o(.constdata)
 <LI><a href="#[a4]">ble_gattc_disc_chr_uuid_resume</a> from ble_gattc.o(i.ble_gattc_disc_chr_uuid_resume) referenced from ble_gattc.o(.constdata)
 <LI><a href="#[ba]">ble_gattc_disc_chr_uuid_rx_adata</a> from ble_gattc.o(i.ble_gattc_disc_chr_uuid_rx_adata) referenced from ble_gattc.o(.constdata)
 <LI><a href="#[be]">ble_gattc_disc_chr_uuid_rx_complete</a> from ble_gattc.o(i.ble_gattc_disc_chr_uuid_rx_complete) referenced from ble_gattc.o(.constdata)
 <LI><a href="#[ae]">ble_gattc_disc_chr_uuid_tmo</a> from ble_gattc.o(i.ble_gattc_disc_chr_uuid_tmo) referenced from ble_gattc.o(.constdata)
 <LI><a href="#[93]">ble_gattc_disc_svc_uuid_err</a> from ble_gattc.o(i.ble_gattc_disc_svc_uuid_err) referenced from ble_gattc.o(.constdata)
 <LI><a href="#[a1]">ble_gattc_disc_svc_uuid_resume</a> from ble_gattc.o(i.ble_gattc_disc_svc_uuid_resume) referenced from ble_gattc.o(.constdata)
 <LI><a href="#[ab]">ble_gattc_disc_svc_uuid_tmo</a> from ble_gattc.o(i.ble_gattc_disc_svc_uuid_tmo) referenced from ble_gattc.o(.constdata)
 <LI><a href="#[94]">ble_gattc_find_inc_svcs_err</a> from ble_gattc.o(i.ble_gattc_find_inc_svcs_err) referenced from ble_gattc.o(.constdata)
 <LI><a href="#[a2]">ble_gattc_find_inc_svcs_resume</a> from ble_gattc.o(i.ble_gattc_find_inc_svcs_resume) referenced from ble_gattc.o(.constdata)
 <LI><a href="#[b8]">ble_gattc_find_inc_svcs_rx_adata</a> from ble_gattc.o(i.ble_gattc_find_inc_svcs_rx_adata) referenced from ble_gattc.o(.constdata)
 <LI><a href="#[bc]">ble_gattc_find_inc_svcs_rx_complete</a> from ble_gattc.o(i.ble_gattc_find_inc_svcs_rx_complete) referenced from ble_gattc.o(.constdata)
 <LI><a href="#[c2]">ble_gattc_find_inc_svcs_rx_read_rsp</a> from ble_gattc.o(i.ble_gattc_find_inc_svcs_rx_read_rsp) referenced from ble_gattc.o(.constdata)
 <LI><a href="#[ac]">ble_gattc_find_inc_svcs_tmo</a> from ble_gattc.o(i.ble_gattc_find_inc_svcs_tmo) referenced from ble_gattc.o(.constdata)
 <LI><a href="#[91]">ble_gattc_mtu_err</a> from ble_gattc.o(i.ble_gattc_mtu_err) referenced from ble_gattc.o(.constdata)
 <LI><a href="#[a9]">ble_gattc_mtu_tmo</a> from ble_gattc.o(i.ble_gattc_mtu_tmo) referenced from ble_gattc.o(.constdata)
 <LI><a href="#[43]">ble_gattc_proc_matches_conn_op</a> from ble_gattc.o(i.ble_gattc_proc_matches_conn_op) referenced from ble_gattc.o(i.ble_gattc_connection_broken)
 <LI><a href="#[43]">ble_gattc_proc_matches_conn_op</a> from ble_gattc.o(i.ble_gattc_proc_matches_conn_op) referenced from ble_gattc.o(i.ble_gattc_rx_err)
 <LI><a href="#[43]">ble_gattc_proc_matches_conn_op</a> from ble_gattc.o(i.ble_gattc_proc_matches_conn_op) referenced from ble_gattc.o(i.ble_gattc_rx_find_info_complete)
 <LI><a href="#[43]">ble_gattc_proc_matches_conn_op</a> from ble_gattc.o(i.ble_gattc_proc_matches_conn_op) referenced from ble_gattc.o(i.ble_gattc_rx_find_info_idata)
 <LI><a href="#[43]">ble_gattc_proc_matches_conn_op</a> from ble_gattc.o(i.ble_gattc_proc_matches_conn_op) referenced from ble_gattc.o(i.ble_gattc_rx_find_type_value_complete)
 <LI><a href="#[43]">ble_gattc_proc_matches_conn_op</a> from ble_gattc.o(i.ble_gattc_proc_matches_conn_op) referenced from ble_gattc.o(i.ble_gattc_rx_find_type_value_hinfo)
 <LI><a href="#[43]">ble_gattc_proc_matches_conn_op</a> from ble_gattc.o(i.ble_gattc_proc_matches_conn_op) referenced from ble_gattc.o(i.ble_gattc_rx_mtu)
 <LI><a href="#[43]">ble_gattc_proc_matches_conn_op</a> from ble_gattc.o(i.ble_gattc_proc_matches_conn_op) referenced from ble_gattc.o(i.ble_gattc_rx_read_blob_rsp)
 <LI><a href="#[43]">ble_gattc_proc_matches_conn_op</a> from ble_gattc.o(i.ble_gattc_proc_matches_conn_op) referenced from ble_gattc.o(i.ble_gattc_rx_read_group_type_adata)
 <LI><a href="#[43]">ble_gattc_proc_matches_conn_op</a> from ble_gattc.o(i.ble_gattc_proc_matches_conn_op) referenced from ble_gattc.o(i.ble_gattc_rx_read_group_type_complete)
 <LI><a href="#[43]">ble_gattc_proc_matches_conn_op</a> from ble_gattc.o(i.ble_gattc_proc_matches_conn_op) referenced from ble_gattc.o(i.ble_gattc_rx_read_mult_rsp)
 <LI><a href="#[43]">ble_gattc_proc_matches_conn_op</a> from ble_gattc.o(i.ble_gattc_proc_matches_conn_op) referenced from ble_gattc.o(i.ble_gattc_rx_write_rsp)
 <LI><a href="#[43]">ble_gattc_proc_matches_conn_op</a> from ble_gattc.o(i.ble_gattc_proc_matches_conn_op) referenced from ble_gattc.o(i.ble_gatts_indicate_fail_notconn)
 <LI><a href="#[43]">ble_gattc_proc_matches_conn_op</a> from ble_gattc.o(i.ble_gattc_proc_matches_conn_op) referenced from ble_gattc.o(i.ble_gatts_rx_indicate_rsp)
 <LI><a href="#[44]">ble_gattc_proc_matches_conn_rx_entry</a> from ble_gattc.o(i.ble_gattc_proc_matches_conn_rx_entry) referenced from ble_gattc.o(i.ble_gattc_rx_exec_write_rsp)
 <LI><a href="#[44]">ble_gattc_proc_matches_conn_rx_entry</a> from ble_gattc.o(i.ble_gattc_proc_matches_conn_rx_entry) referenced from ble_gattc.o(i.ble_gattc_rx_prep_write_rsp)
 <LI><a href="#[44]">ble_gattc_proc_matches_conn_rx_entry</a> from ble_gattc.o(i.ble_gattc_proc_matches_conn_rx_entry) referenced from ble_gattc.o(i.ble_gattc_rx_read_rsp)
 <LI><a href="#[44]">ble_gattc_proc_matches_conn_rx_entry</a> from ble_gattc.o(i.ble_gattc_proc_matches_conn_rx_entry) referenced from ble_gattc.o(i.ble_gattc_rx_read_type_adata)
 <LI><a href="#[44]">ble_gattc_proc_matches_conn_rx_entry</a> from ble_gattc.o(i.ble_gattc_proc_matches_conn_rx_entry) referenced from ble_gattc.o(i.ble_gattc_rx_read_type_complete)
 <LI><a href="#[45]">ble_gattc_proc_matches_expired</a> from ble_gattc.o(i.ble_gattc_proc_matches_expired) referenced from ble_gattc.o(i.ble_gattc_timer)
 <LI><a href="#[46]">ble_gattc_proc_matches_stalled</a> from ble_gattc.o(i.ble_gattc_proc_matches_stalled) referenced from ble_gattc.o(i.ble_gattc_timer)
 <LI><a href="#[98]">ble_gattc_read_err</a> from ble_gattc.o(i.ble_gattc_read_err) referenced from ble_gattc.o(.constdata)
 <LI><a href="#[9a]">ble_gattc_read_long_err</a> from ble_gattc.o(i.ble_gattc_read_long_err) referenced from ble_gattc.o(.constdata)
 <LI><a href="#[a6]">ble_gattc_read_long_resume</a> from ble_gattc.o(i.ble_gattc_read_long_resume) referenced from ble_gattc.o(.constdata)
 <LI><a href="#[c1]">ble_gattc_read_long_rx_read_rsp</a> from ble_gattc.o(i.ble_gattc_read_long_rx_read_rsp) referenced from ble_gattc.o(.constdata)
 <LI><a href="#[b2]">ble_gattc_read_long_tmo</a> from ble_gattc.o(i.ble_gattc_read_long_tmo) referenced from ble_gattc.o(.constdata)
 <LI><a href="#[9b]">ble_gattc_read_mult_err</a> from ble_gattc.o(i.ble_gattc_read_mult_err) referenced from ble_gattc.o(.constdata)
 <LI><a href="#[b3]">ble_gattc_read_mult_tmo</a> from ble_gattc.o(i.ble_gattc_read_mult_tmo) referenced from ble_gattc.o(.constdata)
 <LI><a href="#[c0]">ble_gattc_read_rx_read_rsp</a> from ble_gattc.o(i.ble_gattc_read_rx_read_rsp) referenced from ble_gattc.o(.constdata)
 <LI><a href="#[b0]">ble_gattc_read_tmo</a> from ble_gattc.o(i.ble_gattc_read_tmo) referenced from ble_gattc.o(.constdata)
 <LI><a href="#[99]">ble_gattc_read_uuid_err</a> from ble_gattc.o(i.ble_gattc_read_uuid_err) referenced from ble_gattc.o(.constdata)
 <LI><a href="#[bb]">ble_gattc_read_uuid_rx_adata</a> from ble_gattc.o(i.ble_gattc_read_uuid_rx_adata) referenced from ble_gattc.o(.constdata)
 <LI><a href="#[bf]">ble_gattc_read_uuid_rx_complete</a> from ble_gattc.o(i.ble_gattc_read_uuid_rx_complete) referenced from ble_gattc.o(.constdata)
 <LI><a href="#[b1]">ble_gattc_read_uuid_tmo</a> from ble_gattc.o(i.ble_gattc_read_uuid_tmo) referenced from ble_gattc.o(.constdata)
 <LI><a href="#[9c]">ble_gattc_write_err</a> from ble_gattc.o(i.ble_gattc_write_err) referenced from ble_gattc.o(.constdata)
 <LI><a href="#[9d]">ble_gattc_write_long_err</a> from ble_gattc.o(i.ble_gattc_write_long_err) referenced from ble_gattc.o(.constdata)
 <LI><a href="#[a7]">ble_gattc_write_long_resume</a> from ble_gattc.o(i.ble_gattc_write_long_resume) referenced from ble_gattc.o(.constdata)
 <LI><a href="#[c5]">ble_gattc_write_long_rx_exec</a> from ble_gattc.o(i.ble_gattc_write_long_rx_exec) referenced from ble_gattc.o(.constdata)
 <LI><a href="#[c3]">ble_gattc_write_long_rx_prep</a> from ble_gattc.o(i.ble_gattc_write_long_rx_prep) referenced from ble_gattc.o(.constdata)
 <LI><a href="#[b5]">ble_gattc_write_long_tmo</a> from ble_gattc.o(i.ble_gattc_write_long_tmo) referenced from ble_gattc.o(.constdata)
 <LI><a href="#[9e]">ble_gattc_write_reliable_err</a> from ble_gattc.o(i.ble_gattc_write_reliable_err) referenced from ble_gattc.o(.constdata)
 <LI><a href="#[a8]">ble_gattc_write_reliable_resume</a> from ble_gattc.o(i.ble_gattc_write_reliable_resume) referenced from ble_gattc.o(.constdata)
 <LI><a href="#[c6]">ble_gattc_write_reliable_rx_exec</a> from ble_gattc.o(i.ble_gattc_write_reliable_rx_exec) referenced from ble_gattc.o(.constdata)
 <LI><a href="#[c4]">ble_gattc_write_reliable_rx_prep</a> from ble_gattc.o(i.ble_gattc_write_reliable_rx_prep) referenced from ble_gattc.o(.constdata)
 <LI><a href="#[b6]">ble_gattc_write_reliable_tmo</a> from ble_gattc.o(i.ble_gattc_write_reliable_tmo) referenced from ble_gattc.o(.constdata)
 <LI><a href="#[b4]">ble_gattc_write_tmo</a> from ble_gattc.o(i.ble_gattc_write_tmo) referenced from ble_gattc.o(.constdata)
 <LI><a href="#[49]">ble_gatts_chr_def_access</a> from ble_gatts.o(i.ble_gatts_chr_def_access) referenced from ble_gatts.o(i.ble_gatts_register_svcs)
 <LI><a href="#[4a]">ble_gatts_chr_val_access</a> from ble_gatts.o(i.ble_gatts_chr_val_access) referenced from ble_gatts.o(i.ble_gatts_register_svcs)
 <LI><a href="#[4b]">ble_gatts_clt_cfg_access</a> from ble_gatts.o(i.ble_gatts_clt_cfg_access) referenced from ble_gatts.o(i.ble_gatts_register_svcs)
 <LI><a href="#[4c]">ble_gatts_dsc_access</a> from ble_gatts.o(i.ble_gatts_dsc_access) referenced from ble_gatts.o(i.ble_gatts_register_svcs)
 <LI><a href="#[48]">ble_gatts_inc_access</a> from ble_gatts.o(i.ble_gatts_inc_access) referenced from ble_gatts.o(i.ble_gatts_register_svcs)
 <LI><a href="#[9f]">ble_gatts_indicate_err</a> from ble_gattc.o(i.ble_gatts_indicate_err) referenced from ble_gattc.o(.constdata)
 <LI><a href="#[b7]">ble_gatts_indicate_tmo</a> from ble_gattc.o(i.ble_gatts_indicate_tmo) referenced from ble_gattc.o(.constdata)
 <LI><a href="#[47]">ble_gatts_svc_access</a> from ble_gatts.o(i.ble_gatts_svc_access) referenced from ble_gatts.o(i.ble_gatts_register_svcs)
 <LI><a href="#[6c]">ble_hci_acl_ll_to_host_cbk</a> from nimble_glue_spark.o(i.ble_hci_acl_ll_to_host_cbk) referenced from nimble_glue_spark.o(i.ll_init)
 <LI><a href="#[6d]">ble_hci_evt_ll_to_host_cbk</a> from nimble_glue_spark.o(i.ble_hci_evt_ll_to_host_cbk) referenced from nimble_glue_spark.o(i.ll_init)
 <LI><a href="#[51]">ble_hs_event_reset</a> from ble_hs.o(i.ble_hs_event_reset) referenced from ble_hs.o(i.ble_hs_init)
 <LI><a href="#[55]">ble_hs_event_rx_data</a> from ble_hs.o(i.ble_hs_event_rx_data) referenced from ble_hs.o(i.ble_hs_init)
 <LI><a href="#[4e]">ble_hs_event_rx_hci_ev</a> from ble_hs.o(i.ble_hs_event_rx_hci_ev) referenced from ble_hs.o(i.ble_hs_enqueue_hci_event)
 <LI><a href="#[52]">ble_hs_event_start_stage1</a> from ble_hs.o(i.ble_hs_event_start_stage1) referenced from ble_hs.o(i.ble_hs_init)
 <LI><a href="#[53]">ble_hs_event_start_stage2</a> from ble_hs.o(i.ble_hs_event_start_stage2) referenced from ble_hs.o(i.ble_hs_init)
 <LI><a href="#[50]">ble_hs_event_tx_notify</a> from ble_hs.o(i.ble_hs_event_tx_notify) referenced from ble_hs.o(i.ble_hs_init)
 <LI><a href="#[c9]">ble_hs_hci_evt_disconn_complete</a> from ble_hs_hci_evt.o(i.ble_hs_hci_evt_disconn_complete) referenced from ble_hs_hci_evt.o(.constdata)
 <LI><a href="#[cb]">ble_hs_hci_evt_enc_key_refresh</a> from ble_hs_hci_evt.o(i.ble_hs_hci_evt_enc_key_refresh) referenced from ble_hs_hci_evt.o(.constdata)
 <LI><a href="#[ca]">ble_hs_hci_evt_encrypt_change</a> from ble_hs_hci_evt.o(i.ble_hs_hci_evt_encrypt_change) referenced from ble_hs_hci_evt.o(.constdata)
 <LI><a href="#[cc]">ble_hs_hci_evt_hw_error</a> from ble_hs_hci_evt.o(i.ble_hs_hci_evt_hw_error) referenced from ble_hs_hci_evt.o(.constdata)
 <LI><a href="#[ce]">ble_hs_hci_evt_le_adv_rpt</a> from ble_hs_hci_evt.o(i.ble_hs_hci_evt_le_adv_rpt) referenced from ble_hs_hci_evt.o(.constdata)
 <LI><a href="#[db]">ble_hs_hci_evt_le_adv_set_terminated</a> from ble_hs_hci_evt.o(i.ble_hs_hci_evt_le_adv_set_terminated) referenced from ble_hs_hci_evt.o(.constdata)
 <LI><a href="#[cd]">ble_hs_hci_evt_le_conn_complete</a> from ble_hs_hci_evt.o(i.ble_hs_hci_evt_le_conn_complete) referenced from ble_hs_hci_evt.o(.constdata)
 <LI><a href="#[d2]">ble_hs_hci_evt_le_conn_parm_req</a> from ble_hs_hci_evt.o(i.ble_hs_hci_evt_le_conn_parm_req) referenced from ble_hs_hci_evt.o(.constdata)
 <LI><a href="#[cf]">ble_hs_hci_evt_le_conn_upd_complete</a> from ble_hs_hci_evt.o(i.ble_hs_hci_evt_le_conn_upd_complete) referenced from ble_hs_hci_evt.o(.constdata)
 <LI><a href="#[d4]">ble_hs_hci_evt_le_dir_adv_rpt</a> from ble_hs_hci_evt.o(i.ble_hs_hci_evt_le_dir_adv_rpt) referenced from ble_hs_hci_evt.o(.constdata)
 <LI><a href="#[d3]">ble_hs_hci_evt_le_enh_conn_complete</a> from ble_hs_hci_evt.o(i.ble_hs_hci_evt_le_enh_conn_complete) referenced from ble_hs_hci_evt.o(.constdata)
 <LI><a href="#[d6]">ble_hs_hci_evt_le_ext_adv_rpt</a> from ble_hs_hci_evt.o(i.ble_hs_hci_evt_le_ext_adv_rpt) referenced from ble_hs_hci_evt.o(.constdata)
 <LI><a href="#[d1]">ble_hs_hci_evt_le_lt_key_req</a> from ble_hs_hci_evt.o(i.ble_hs_hci_evt_le_lt_key_req) referenced from ble_hs_hci_evt.o(.constdata)
 <LI><a href="#[c7]">ble_hs_hci_evt_le_meta</a> from ble_hs_hci_evt.o(i.ble_hs_hci_evt_le_meta) referenced from ble_hs_hci_evt.o(.constdata)
 <LI><a href="#[d8]">ble_hs_hci_evt_le_periodic_adv_rpt</a> from ble_hs_hci_evt.o(i.ble_hs_hci_evt_le_periodic_adv_rpt) referenced from ble_hs_hci_evt.o(.constdata)
 <LI><a href="#[d7]">ble_hs_hci_evt_le_periodic_adv_sync_estab</a> from ble_hs_hci_evt.o(i.ble_hs_hci_evt_le_periodic_adv_sync_estab) referenced from ble_hs_hci_evt.o(.constdata)
 <LI><a href="#[d9]">ble_hs_hci_evt_le_periodic_adv_sync_lost</a> from ble_hs_hci_evt.o(i.ble_hs_hci_evt_le_periodic_adv_sync_lost) referenced from ble_hs_hci_evt.o(.constdata)
 <LI><a href="#[dd]">ble_hs_hci_evt_le_periodic_adv_sync_transfer</a> from ble_hs_hci_evt.o(i.ble_hs_hci_evt_le_periodic_adv_sync_transfer) referenced from ble_hs_hci_evt.o(.constdata)
 <LI><a href="#[d5]">ble_hs_hci_evt_le_phy_update_complete</a> from ble_hs_hci_evt.o(i.ble_hs_hci_evt_le_phy_update_complete) referenced from ble_hs_hci_evt.o(.constdata)
 <LI><a href="#[d0]">ble_hs_hci_evt_le_rd_rem_used_feat_complete</a> from ble_hs_hci_evt.o(i.ble_hs_hci_evt_le_rd_rem_used_feat_complete) referenced from ble_hs_hci_evt.o(.constdata)
 <LI><a href="#[dc]">ble_hs_hci_evt_le_scan_req_rcvd</a> from ble_hs_hci_evt.o(i.ble_hs_hci_evt_le_scan_req_rcvd) referenced from ble_hs_hci_evt.o(.constdata)
 <LI><a href="#[da]">ble_hs_hci_evt_le_scan_timeout</a> from ble_hs_hci_evt.o(i.ble_hs_hci_evt_le_scan_timeout) referenced from ble_hs_hci_evt.o(.constdata)
 <LI><a href="#[c8]">ble_hs_hci_evt_num_completed_pkts</a> from ble_hs_hci_evt.o(i.ble_hs_hci_evt_num_completed_pkts) referenced from ble_hs_hci_evt.o(.constdata)
 <LI><a href="#[4f]">ble_hs_hci_frag_alloc</a> from ble_hs_hci.o(i.ble_hs_hci_frag_alloc) referenced from ble_hs_hci.o(i.ble_hs_hci_acl_tx_now)
 <LI><a href="#[56]">ble_hs_misc_restore_one_irk</a> from ble_hs_misc.o(i.ble_hs_misc_restore_one_irk) referenced from ble_hs_misc.o(i.ble_hs_misc_restore_irks)
 <LI><a href="#[58]">ble_hs_stop_terminate_timeout_cb</a> from ble_hs_stop.o(i.ble_hs_stop_terminate_timeout_cb) referenced from ble_hs_stop.o(i.ble_hs_stop_init)
 <LI><a href="#[69]">ble_hs_thread_entry</a> from nimble_glue_spark.o(i.ble_hs_thread_entry) referenced from nimble_glue_spark.o(i.hs_thread_init)
 <LI><a href="#[57]">ble_hs_timer_exp</a> from ble_hs.o(i.ble_hs_timer_exp) referenced from ble_hs.o(i.ble_hs_start)
 <LI><a href="#[59]">ble_l2cap_sig_rx</a> from ble_l2cap_sig.o(i.ble_l2cap_sig_rx) referenced from ble_l2cap_sig.o(i.ble_l2cap_sig_create_chan)
 <LI><a href="#[df]">ble_l2cap_sig_rx_noop</a> from ble_l2cap_sig.o(i.ble_l2cap_sig_rx_noop) referenced 16 times from ble_l2cap_sig.o(.constdata)
 <LI><a href="#[de]">ble_l2cap_sig_rx_reject</a> from ble_l2cap_sig.o(i.ble_l2cap_sig_rx_reject) referenced from ble_l2cap_sig.o(.constdata)
 <LI><a href="#[e0]">ble_l2cap_sig_update_req_rx</a> from ble_l2cap_sig.o(i.ble_l2cap_sig_update_req_rx) referenced from ble_l2cap_sig.o(.constdata)
 <LI><a href="#[e1]">ble_l2cap_sig_update_rsp_rx</a> from ble_l2cap_sig.o(i.ble_l2cap_sig_update_rsp_rx) referenced from ble_l2cap_sig.o(.constdata)
 <LI><a href="#[5a]">ble_sm_alg_rand</a> from ble_sm_alg.o(i.ble_sm_alg_rand) referenced from ble_sm_alg.o(i.ble_sm_alg_ecc_init)
 <LI><a href="#[f1]">ble_sm_confirm_exec</a> from ble_sm.o(i.ble_sm_confirm_exec) referenced from ble_sm.o(.constdata)
 <LI><a href="#[e4]">ble_sm_confirm_rx</a> from ble_sm.o(i.ble_sm_confirm_rx) referenced from ble_sm.o(.constdata)
 <LI><a href="#[e7]">ble_sm_enc_info_rx</a> from ble_sm.o(i.ble_sm_enc_info_rx) referenced from ble_sm.o(.constdata)
 <LI><a href="#[f6]">ble_sm_enc_restore_exec</a> from ble_sm.o(i.ble_sm_enc_restore_exec) referenced from ble_sm.o(.constdata)
 <LI><a href="#[f5]">ble_sm_enc_start_exec</a> from ble_sm.o(i.ble_sm_enc_start_exec) referenced from ble_sm.o(.constdata)
 <LI><a href="#[e6]">ble_sm_fail_rx</a> from ble_sm.o(i.ble_sm_fail_rx) referenced from ble_sm.o(.constdata)
 <LI><a href="#[ea]">ble_sm_id_addr_info_rx</a> from ble_sm.o(i.ble_sm_id_addr_info_rx) referenced from ble_sm.o(.constdata)
 <LI><a href="#[e9]">ble_sm_id_info_rx</a> from ble_sm.o(i.ble_sm_id_info_rx) referenced from ble_sm.o(.constdata)
 <LI><a href="#[f7]">ble_sm_key_exch_exec</a> from ble_sm.o(i.ble_sm_key_exch_exec) referenced from ble_sm.o(.constdata)
 <LI><a href="#[f4]">ble_sm_ltk_restore_exec</a> from ble_sm.o(i.ble_sm_ltk_restore_exec) referenced from ble_sm.o(.constdata)
 <LI><a href="#[f3]">ble_sm_ltk_start_exec</a> from ble_sm.o(i.ble_sm_ltk_start_exec) referenced from ble_sm.o(.constdata)
 <LI><a href="#[e8]">ble_sm_master_id_rx</a> from ble_sm.o(i.ble_sm_master_id_rx) referenced from ble_sm.o(.constdata)
 <LI><a href="#[f0]">ble_sm_pair_exec</a> from ble_sm.o(i.ble_sm_pair_exec) referenced from ble_sm.o(.constdata)
 <LI><a href="#[e2]">ble_sm_pair_req_rx</a> from ble_sm.o(i.ble_sm_pair_req_rx) referenced from ble_sm.o(.constdata)
 <LI><a href="#[e3]">ble_sm_pair_rsp_rx</a> from ble_sm.o(i.ble_sm_pair_rsp_rx) referenced from ble_sm.o(.constdata)
 <LI><a href="#[f2]">ble_sm_random_exec</a> from ble_sm.o(i.ble_sm_random_exec) referenced from ble_sm.o(.constdata)
 <LI><a href="#[e5]">ble_sm_random_rx</a> from ble_sm.o(i.ble_sm_random_rx) referenced from ble_sm.o(.constdata)
 <LI><a href="#[5b]">ble_sm_rx</a> from ble_sm.o(i.ble_sm_rx) referenced from ble_sm.o(i.ble_sm_create_chan)
 <LI><a href="#[ef]">ble_sm_rx_noop</a> from ble_sm.o(i.ble_sm_rx_noop) referenced from ble_sm.o(.constdata)
 <LI><a href="#[fa]">ble_sm_sc_dhkey_check_exec</a> from ble_sm_sc.o(i.ble_sm_sc_dhkey_check_exec) referenced from ble_sm.o(.constdata)
 <LI><a href="#[ee]">ble_sm_sc_dhkey_check_rx</a> from ble_sm_sc.o(i.ble_sm_sc_dhkey_check_rx) referenced from ble_sm.o(.constdata)
 <LI><a href="#[f9]">ble_sm_sc_public_key_exec</a> from ble_sm_sc.o(i.ble_sm_sc_public_key_exec) referenced from ble_sm.o(.constdata)
 <LI><a href="#[ed]">ble_sm_sc_public_key_rx</a> from ble_sm_sc.o(i.ble_sm_sc_public_key_rx) referenced from ble_sm.o(.constdata)
 <LI><a href="#[f8]">ble_sm_sec_req_exec</a> from ble_sm.o(i.ble_sm_sec_req_exec) referenced from ble_sm.o(.constdata)
 <LI><a href="#[ec]">ble_sm_sec_req_rx</a> from ble_sm.o(i.ble_sm_sec_req_rx) referenced from ble_sm.o(.constdata)
 <LI><a href="#[eb]">ble_sm_sign_info_rx</a> from ble_sm.o(i.ble_sm_sign_info_rx) referenced from ble_sm.o(.constdata)
 <LI><a href="#[5e]">ble_store_config_delete</a> from ble_store_config.o(i.ble_store_config_delete) referenced from ble_store_config.o(i.ble_store_config_init)
 <LI><a href="#[5c]">ble_store_config_read</a> from ble_store_config.o(i.ble_store_config_read) referenced from ble_store_config.o(i.ble_store_config_init)
 <LI><a href="#[5d]">ble_store_config_write</a> from ble_store_config.o(i.ble_store_config_write) referenced from ble_store_config.o(i.ble_store_config_init)
 <LI><a href="#[5f]">ble_store_util_iter_replace_mac</a> from ble_store_config.o(i.ble_store_util_iter_replace_mac) referenced from ble_store_config.o(i.ble_store_iterate_replace_cccd)
 <LI><a href="#[60]">ble_store_util_iter_unique_peer</a> from ble_store_util.o(i.ble_store_util_iter_unique_peer) referenced from ble_store_util.o(i.ble_store_util_bonded_peers)
 <LI><a href="#[3f]">ble_store_util_status_rr</a> from ble_store_util.o(i.ble_store_util_status_rr) referenced from main.o(i.app_init)
 <LI><a href="#[61]">ble_transport_acl_put</a> from transport.o(i.ble_transport_acl_put) referenced from transport.o(i.ble_transport_init)
 <LI><a href="#[62]">blecent_gap_event</a> from main.o(i.blecent_gap_event) referenced from main.o(i.blecent_gap_event)
 <LI><a href="#[62]">blecent_gap_event</a> from main.o(i.blecent_gap_event) referenced from main.o(i.blecent_scan)
 <LI><a href="#[63]">blecent_on_disc_complete</a> from main.o(i.blecent_on_disc_complete) referenced from main.o(i.blecent_gap_event)
 <LI><a href="#[64]">blecent_on_read</a> from main.o(i.blecent_on_read) referenced from main.o(i.blecent_on_disc_complete)
 <LI><a href="#[3d]">blecent_on_reset</a> from main.o(i.blecent_on_reset) referenced from main.o(i.app_init)
 <LI><a href="#[66]">blecent_on_subscribe</a> from main.o(i.blecent_on_subscribe) referenced from main.o(i.blecent_on_disc_complete)
 <LI><a href="#[3e]">blecent_on_sync</a> from main.o(i.blecent_on_sync) referenced from main.o(i.app_init)
 <LI><a href="#[65]">blecent_on_write</a> from main.o(i.blecent_on_write) referenced from main.o(i.blecent_on_disc_complete)
 <LI><a href="#[65]">blecent_on_write</a> from main.o(i.blecent_on_write) referenced from main.o(i.central_write)
 <LI><a href="#[40]">blehr_tx_hrate</a> from main.o(i.blehr_tx_hrate) referenced from main.o(i.app_init)
 <LI><a href="#[67]">bleph_gap_event</a> from main.o(i.bleph_gap_event) referenced from main.o(i.blehr_advertise)
 <LI><a href="#[68]">btshell_on_mtu</a> from main.o(i.btshell_on_mtu) referenced from main.o(i.bleph_gap_event)
 <LI><a href="#[fb]">double_jacobian_default</a> from ecc.o(i.double_jacobian_default) referenced 2 times from ble_sm_alg.o(.constdata)
 <LI><a href="#[4d]">find_field_func</a> from ble_hs_adv.o(i.find_field_func) referenced from ble_hs_adv.o(i.ble_hs_adv_find_field)
 <LI><a href="#[39]">fputc</a> from retarget.o(i.fputc) referenced from printfa.o(i.__0printf)
 <LI><a href="#[39]">fputc</a> from retarget.o(i.fputc) referenced from printfa.o(i.__0vprintf)
 <LI><a href="#[7]">gatt_svr_chr_access_heart_rate</a> from gatt_svr.o(i.gatt_svr_chr_access_heart_rate) referenced 2 times from gatt_svr.o(.data)
 <LI><a href="#[8]">gatt_svr_chr_access_uart_read_write</a> from gatt_svr.o(i.gatt_svr_chr_access_uart_read_write) referenced 2 times from gatt_svr.o(.data)
 <LI><a href="#[6a]">host_copydata</a> from nimble_glue_spark.o(i.host_copydata) referenced from nimble_glue_spark.o(i.ll_init)
 <LI><a href="#[6b]">ll_semphr_cback</a> from nimble_glue_spark.o(.ramfunc) referenced from nimble_glue_spark.o(i.ll_init)
 <LI><a href="#[27]">main</a> from os_setup.o(i.main) referenced from entry9a.o(.ARM.Collect$$$$0000000B)
 <LI><a href="#[0]">mem_alloc</a> from nimble_glue_spark.o(i.mem_alloc) referenced 2 times from nimble_glue_spark.o(.data)
 <LI><a href="#[6f]">os_callout_timer_cb</a> from npl_os_freertos.o(i.os_callout_timer_cb) referenced from npl_os_freertos.o(i.npl_freertos_callout_init)
 <LI><a href="#[71]">peer_chr_disced</a> from peer.o(i.peer_chr_disced) referenced from peer.o(i.peer_disc_chrs)
 <LI><a href="#[72]">peer_dsc_disced</a> from peer.o(i.peer_dsc_disced) referenced from peer.o(i.peer_disc_chrs)
 <LI><a href="#[72]">peer_dsc_disced</a> from peer.o(i.peer_dsc_disced) referenced from peer.o(i.peer_disc_dscs)
 <LI><a href="#[70]">peer_svc_disced</a> from peer.o(i.peer_svc_disced) referenced from peer.o(i.peer_disc_all)
 <LI><a href="#[74]">prvIdleTask</a> from tasks.o(i.prvIdleTask) referenced from tasks.o(i.vTaskStartScheduler)
 <LI><a href="#[73]">prvTaskExitError</a> from port.o(i.prvTaskExitError) referenced from port.o(i.pxPortInitialiseStack)
 <LI><a href="#[75]">prvTimerTask</a> from timers.o(i.prvTimerTask) referenced from timers.o(i.xTimerCreateTimerTask)
 <LI><a href="#[fd]">vli_mmod_fast_secp256r1</a> from ecc.o(i.vli_mmod_fast_secp256r1) referenced 2 times from ble_sm_alg.o(.constdata)
 <LI><a href="#[6e]">vprintf</a> from printfa.o(i.__0vprintf) referenced from os_setup.o(i.main)
 <LI><a href="#[fc]">x_side_default</a> from ecc.o(i.x_side_default) referenced 2 times from ble_sm_alg.o(.constdata)
</UL>
<P>
<H3>
Global Symbols
</H3>
<P><STRONG><a name="[2a]"></a>__main</STRONG> (Thumb, 0 bytes, Stack size unknown bytes, entry.o(.ARM.Collect$$$$00000000))
<BR>[Address Reference Count : 1]<UL><LI> startup_panseries.o(.text)
</UL>
<P><STRONG><a name="[4db]"></a>_main_stk</STRONG> (Thumb, 0 bytes, Stack size unknown bytes, entry2.o(.ARM.Collect$$$$00000001))

<P><STRONG><a name="[116]"></a>_main_scatterload</STRONG> (Thumb, 0 bytes, Stack size unknown bytes, entry5.o(.ARM.Collect$$$$00000004))
<BR><BR>[Calls]<UL><LI><a href="#[117]">&gt;&gt;</a>&nbsp;&nbsp;&nbsp;__scatterload
</UL>

<P><STRONG><a name="[12c]"></a>__main_after_scatterload</STRONG> (Thumb, 0 bytes, Stack size unknown bytes, entry5.o(.ARM.Collect$$$$00000004))
<BR><BR>[Called By]<UL><LI><a href="#[117]">&gt;&gt;</a>&nbsp;&nbsp;&nbsp;__scatterload
</UL>

<P><STRONG><a name="[4dc]"></a>_main_clock</STRONG> (Thumb, 0 bytes, Stack size unknown bytes, entry7b.o(.ARM.Collect$$$$00000008))

<P><STRONG><a name="[4dd]"></a>_main_cpp_init</STRONG> (Thumb, 0 bytes, Stack size unknown bytes, entry8b.o(.ARM.Collect$$$$0000000A))

<P><STRONG><a name="[4de]"></a>_main_init</STRONG> (Thumb, 0 bytes, Stack size unknown bytes, entry9a.o(.ARM.Collect$$$$0000000B))

<P><STRONG><a name="[118]"></a>__rt_lib_shutdown_fini</STRONG> (Thumb, 0 bytes, Stack size unknown bytes, entry12b.o(.ARM.Collect$$$$0000000E))
<BR><BR>[Calls]<UL><LI><a href="#[119]">&gt;&gt;</a>&nbsp;&nbsp;&nbsp;__arm_fini_ (Weak Reference)
</UL>

<P><STRONG><a name="[4df]"></a>__rt_final_cpp</STRONG> (Thumb, 0 bytes, Stack size unknown bytes, entry10a.o(.ARM.Collect$$$$0000000F))

<P><STRONG><a name="[4e0]"></a>__rt_final_exit</STRONG> (Thumb, 0 bytes, Stack size unknown bytes, entry11a.o(.ARM.Collect$$$$00000011))

<P><STRONG><a name="[4a1]"></a>__asm___6_port_c_39a90d8d__prvPortStartFirstTask</STRONG> (Thumb, 36 bytes, Stack size 0 bytes, port.o(.emb_text))
<BR><BR>[Called By]<UL><LI><a href="#[4a0]">&gt;&gt;</a>&nbsp;&nbsp;&nbsp;xPortStartScheduler
</UL>

<P><STRONG><a name="[4a5]"></a>ulSetInterruptMaskFromISR</STRONG> (Thumb, 8 bytes, Stack size 0 bytes, port.o(.emb_text))
<BR><BR>[Called By]<UL><LI><a href="#[45b]">&gt;&gt;</a>&nbsp;&nbsp;&nbsp;xQueueReceiveFromISR
<LI><a href="#[45f]">&gt;&gt;</a>&nbsp;&nbsp;&nbsp;xQueueGiveFromISR
<LI><a href="#[45d]">&gt;&gt;</a>&nbsp;&nbsp;&nbsp;xQueueGenericSendFromISR
<LI><a href="#[e]">&gt;&gt;</a>&nbsp;&nbsp;&nbsp;SysTick_Handler (via Veneer)
</UL>

<P><STRONG><a name="[4a6]"></a>vClearInterruptMaskFromISR</STRONG> (Thumb, 6 bytes, Stack size 0 bytes, port.o(.emb_text))
<BR><BR>[Called By]<UL><LI><a href="#[45b]">&gt;&gt;</a>&nbsp;&nbsp;&nbsp;xQueueReceiveFromISR
<LI><a href="#[45f]">&gt;&gt;</a>&nbsp;&nbsp;&nbsp;xQueueGiveFromISR
<LI><a href="#[45d]">&gt;&gt;</a>&nbsp;&nbsp;&nbsp;xQueueGenericSendFromISR
<LI><a href="#[e]">&gt;&gt;</a>&nbsp;&nbsp;&nbsp;SysTick_Handler (via Veneer)
</UL>

<P><STRONG><a name="[b]"></a>HardFault_Handler</STRONG> (Thumb, 24 bytes, Stack size 0 bytes, retarget.o(.emb_text))
<BR>[Address Reference Count : 1]<UL><LI> startup_panseries.o(RESET)
</UL>
<P><STRONG><a name="[115]"></a>Reset_Handler</STRONG> (Thumb, 8 bytes, Stack size 0 bytes, startup_panseries.o(.text))

<P><STRONG><a name="[a]"></a>NMI_Handler</STRONG> (Thumb, 2 bytes, Stack size 0 bytes, startup_panseries.o(.text))
<BR><BR>[Calls]<UL><LI><a href="#[a]">&gt;&gt;</a>&nbsp;&nbsp;&nbsp;NMI_Handler
</UL>
<BR>[Called By]<UL><LI><a href="#[a]">&gt;&gt;</a>&nbsp;&nbsp;&nbsp;NMI_Handler
</UL>
<BR>[Address Reference Count : 1]<UL><LI> startup_panseries.o(RESET)
</UL>
<P><STRONG><a name="[24]"></a>BOD_IRQHandler</STRONG> (Thumb, 0 bytes, Stack size 0 bytes, startup_panseries.o(.text))
<BR><BR>[Calls]<UL><LI><a href="#[24]">&gt;&gt;</a>&nbsp;&nbsp;&nbsp;BOD_IRQHandler
</UL>
<BR>[Called By]<UL><LI><a href="#[24]">&gt;&gt;</a>&nbsp;&nbsp;&nbsp;BOD_IRQHandler
</UL>
<BR>[Address Reference Count : 1]<UL><LI> startup_panseries.o(RESET)
</UL>
<P><STRONG><a name="[23]"></a>DMA_IRQHandler</STRONG> (Thumb, 0 bytes, Stack size 0 bytes, startup_panseries.o(.text))
<BR>[Address Reference Count : 1]<UL><LI> startup_panseries.o(RESET)
</UL>
<P><STRONG><a name="[1c]"></a>GPIO0_IRQHandler</STRONG> (Thumb, 0 bytes, Stack size 0 bytes, startup_panseries.o(.text))
<BR>[Address Reference Count : 1]<UL><LI> startup_panseries.o(RESET)
</UL>
<P><STRONG><a name="[1d]"></a>GPIO1_IRQHandler</STRONG> (Thumb, 0 bytes, Stack size 0 bytes, startup_panseries.o(.text))
<BR>[Address Reference Count : 1]<UL><LI> startup_panseries.o(RESET)
</UL>
<P><STRONG><a name="[1e]"></a>GPIO2_IRQHandler</STRONG> (Thumb, 0 bytes, Stack size 0 bytes, startup_panseries.o(.text))
<BR>[Address Reference Count : 1]<UL><LI> startup_panseries.o(RESET)
</UL>
<P><STRONG><a name="[1f]"></a>GPIO3_IRQHandler</STRONG> (Thumb, 0 bytes, Stack size 0 bytes, startup_panseries.o(.text))
<BR>[Address Reference Count : 1]<UL><LI> startup_panseries.o(RESET)
</UL>
<P><STRONG><a name="[f]"></a>I2C0_IRQHandler</STRONG> (Thumb, 0 bytes, Stack size 0 bytes, startup_panseries.o(.text))
<BR>[Address Reference Count : 1]<UL><LI> startup_panseries.o(RESET)
</UL>
<P><STRONG><a name="[26]"></a>LP_IRQHandler</STRONG> (Thumb, 0 bytes, Stack size 0 bytes, startup_panseries.o(.text))
<BR>[Address Reference Count : 1]<UL><LI> startup_panseries.o(RESET)
</UL>
<P><STRONG><a name="[12]"></a>PWM_IRQHandler</STRONG> (Thumb, 0 bytes, Stack size 0 bytes, startup_panseries.o(.text))
<BR>[Address Reference Count : 1]<UL><LI> startup_panseries.o(RESET)
</UL>
<P><STRONG><a name="[25]"></a>SLPTMR_IRQHandler</STRONG> (Thumb, 0 bytes, Stack size 0 bytes, startup_panseries.o(.text))
<BR>[Address Reference Count : 1]<UL><LI> startup_panseries.o(RESET)
</UL>
<P><STRONG><a name="[10]"></a>SPI0_IRQHandler</STRONG> (Thumb, 0 bytes, Stack size 0 bytes, startup_panseries.o(.text))
<BR>[Address Reference Count : 1]<UL><LI> startup_panseries.o(RESET)
</UL>
<P><STRONG><a name="[17]"></a>SPI1_IRQHandler</STRONG> (Thumb, 0 bytes, Stack size 0 bytes, startup_panseries.o(.text))
<BR>[Address Reference Count : 1]<UL><LI> startup_panseries.o(RESET)
</UL>
<P><STRONG><a name="[16]"></a>TMR0_IRQHandler</STRONG> (Thumb, 0 bytes, Stack size 0 bytes, startup_panseries.o(.text))
<BR>[Address Reference Count : 1]<UL><LI> startup_panseries.o(RESET)
</UL>
<P><STRONG><a name="[1a]"></a>TMR1_IRQHandler</STRONG> (Thumb, 0 bytes, Stack size 0 bytes, startup_panseries.o(.text))
<BR>[Address Reference Count : 1]<UL><LI> startup_panseries.o(RESET)
</UL>
<P><STRONG><a name="[1b]"></a>TMR2_IRQHandler</STRONG> (Thumb, 0 bytes, Stack size 0 bytes, startup_panseries.o(.text))
<BR>[Address Reference Count : 1]<UL><LI> startup_panseries.o(RESET)
</UL>
<P><STRONG><a name="[11]"></a>UART0_IRQHandler</STRONG> (Thumb, 0 bytes, Stack size 0 bytes, startup_panseries.o(.text))
<BR>[Address Reference Count : 1]<UL><LI> startup_panseries.o(RESET)
</UL>
<P><STRONG><a name="[20]"></a>USBDMA_IRQHandler</STRONG> (Thumb, 0 bytes, Stack size 0 bytes, startup_panseries.o(.text))
<BR>[Address Reference Count : 1]<UL><LI> startup_panseries.o(RESET)
</UL>
<P><STRONG><a name="[21]"></a>USB_IRQHandler</STRONG> (Thumb, 0 bytes, Stack size 0 bytes, startup_panseries.o(.text))
<BR>[Address Reference Count : 1]<UL><LI> startup_panseries.o(RESET)
</UL>
<P><STRONG><a name="[14]"></a>WDT_IRQHandler</STRONG> (Thumb, 0 bytes, Stack size 0 bytes, startup_panseries.o(.text))
<BR>[Address Reference Count : 1]<UL><LI> startup_panseries.o(RESET)
</UL>
<P><STRONG><a name="[15]"></a>WWDT_IRQHandler</STRONG> (Thumb, 0 bytes, Stack size 0 bytes, startup_panseries.o(.text))
<BR>[Address Reference Count : 1]<UL><LI> startup_panseries.o(RESET)
</UL>
<P><STRONG><a name="[4e1]"></a>__aeabi_uidiv</STRONG> (Thumb, 0 bytes, Stack size 12 bytes, uidiv.o(.text), UNUSED)

<P><STRONG><a name="[11b]"></a>__aeabi_uidivmod</STRONG> (Thumb, 44 bytes, Stack size 12 bytes, uidiv.o(.text))
<BR><BR>[Stack]<UL><LI>Max Depth = 12<LI>Call Chain = __aeabi_uidivmod
</UL>
<BR>[Called By]<UL><LI><a href="#[151]">&gt;&gt;</a>&nbsp;&nbsp;&nbsp;CLK_GetPeripheralFreq
<LI><a href="#[13a]">&gt;&gt;</a>&nbsp;&nbsp;&nbsp;TRIM_SetErrRange
<LI><a href="#[152]">&gt;&gt;</a>&nbsp;&nbsp;&nbsp;SystemCoreClockUpdate
<LI><a href="#[2a9]">&gt;&gt;</a>&nbsp;&nbsp;&nbsp;xQueueGenericCreate
<LI><a href="#[27d]">&gt;&gt;</a>&nbsp;&nbsp;&nbsp;UART_Init
<LI><a href="#[162]">&gt;&gt;</a>&nbsp;&nbsp;&nbsp;FMC_EraseCodeArea
<LI><a href="#[49b]">&gt;&gt;</a>&nbsp;&nbsp;&nbsp;vPortSetupTimerInterrupt
<LI><a href="#[37d]">&gt;&gt;</a>&nbsp;&nbsp;&nbsp;ble_hs_adv_parse_fields
<LI><a href="#[3f5]">&gt;&gt;</a>&nbsp;&nbsp;&nbsp;ble_sm_alg_g2
<LI><a href="#[428]">&gt;&gt;</a>&nbsp;&nbsp;&nbsp;os_memblock_from
<LI><a href="#[445]">&gt;&gt;</a>&nbsp;&nbsp;&nbsp;mtb_kvstore_init
<LI><a href="#[28f]">&gt;&gt;</a>&nbsp;&nbsp;&nbsp;_mtb_kvstore_write_record
<LI><a href="#[28e]">&gt;&gt;</a>&nbsp;&nbsp;&nbsp;_mtb_kvstore_garbage_collection
<LI><a href="#[289]">&gt;&gt;</a>&nbsp;&nbsp;&nbsp;_mtb_kvstore_buffered_write
<LI><a href="#[1be]">&gt;&gt;</a>&nbsp;&nbsp;&nbsp;LL_CalcWinWidening
<LI><a href="#[4ba]">&gt;&gt;</a>&nbsp;&nbsp;&nbsp;LL_ConnEvtStartHandler (via Veneer)
<LI><a href="#[1b6]">&gt;&gt;</a>&nbsp;&nbsp;&nbsp;LL_SendAcl
<LI><a href="#[145]">&gt;&gt;</a>&nbsp;&nbsp;&nbsp;BB_DtmStartTransimitterV2
<LI><a href="#[144]">&gt;&gt;</a>&nbsp;&nbsp;&nbsp;BB_DtmStartTransimitterV1
<LI><a href="#[136]">&gt;&gt;</a>&nbsp;&nbsp;&nbsp;BB_Calibrate32kRC
<LI><a href="#[227]">&gt;&gt;</a>&nbsp;&nbsp;&nbsp;BB_Get32kRCMeasureValue (via Veneer)
<LI><a href="#[258]">&gt;&gt;</a>&nbsp;&nbsp;&nbsp;MDC_TimerSleepUpdate (via Veneer)
<LI><a href="#[1cb]">&gt;&gt;</a>&nbsp;&nbsp;&nbsp;BB_UsToTick (via Veneer)
<LI><a href="#[27c]">&gt;&gt;</a>&nbsp;&nbsp;&nbsp;proj_uart_at_handle
<LI><a href="#[1d7]">&gt;&gt;</a>&nbsp;&nbsp;&nbsp;LL_SelectNextChanIndex
<LI><a href="#[4d3]">&gt;&gt;</a>&nbsp;&nbsp;&nbsp;LL_PushPktToBBTxFifo (via Veneer)
<LI><a href="#[4d1]">&gt;&gt;</a>&nbsp;&nbsp;&nbsp;LL_GetChanIndex (via Veneer)
<LI><a href="#[4cb]">&gt;&gt;</a>&nbsp;&nbsp;&nbsp;MDC_TimerTicksToRtc (via Veneer)
<LI><a href="#[1d3]">&gt;&gt;</a>&nbsp;&nbsp;&nbsp;LL_AdjustConnParam (via Veneer)
<LI><a href="#[1ca]">&gt;&gt;</a>&nbsp;&nbsp;&nbsp;LL_AdjustDataChannelIndexEx (via Veneer)
<LI><a href="#[208]">&gt;&gt;</a>&nbsp;&nbsp;&nbsp;LL_SetAdvEnable
<LI><a href="#[17a]">&gt;&gt;</a>&nbsp;&nbsp;&nbsp;LL_GetAuthPayloadTimeout
<LI><a href="#[11a]">&gt;&gt;</a>&nbsp;&nbsp;&nbsp;__aeabi_idivmod
<LI><a href="#[4d9]">&gt;&gt;</a>&nbsp;&nbsp;&nbsp;LL_ScanStart (via Veneer)
<LI><a href="#[33]">&gt;&gt;</a>&nbsp;&nbsp;&nbsp;LL_InitiatorPduHandler (via Veneer)
<LI><a href="#[280]">&gt;&gt;</a>&nbsp;&nbsp;&nbsp;_printf_core
</UL>

<P><STRONG><a name="[4e2]"></a>__aeabi_idiv</STRONG> (Thumb, 0 bytes, Stack size 16 bytes, idiv.o(.text), UNUSED)

<P><STRONG><a name="[11a]"></a>__aeabi_idivmod</STRONG> (Thumb, 40 bytes, Stack size 16 bytes, idiv.o(.text))
<BR><BR>[Stack]<UL><LI>Max Depth = 28<LI>Call Chain = __aeabi_idivmod &rArr; __aeabi_uidivmod
</UL>
<BR>[Calls]<UL><LI><a href="#[11b]">&gt;&gt;</a>&nbsp;&nbsp;&nbsp;__aeabi_uidivmod
</UL>
<BR>[Called By]<UL><LI><a href="#[377]">&gt;&gt;</a>&nbsp;&nbsp;&nbsp;ble_gatts_start
<LI><a href="#[30]">&gt;&gt;</a>&nbsp;&nbsp;&nbsp;LL_ConnEvtHandler (via Veneer)
<LI><a href="#[216]">&gt;&gt;</a>&nbsp;&nbsp;&nbsp;LL_TxQueueHandler
<LI><a href="#[24a]">&gt;&gt;</a>&nbsp;&nbsp;&nbsp;LL_SendPkt
<LI><a href="#[236]">&gt;&gt;</a>&nbsp;&nbsp;&nbsp;LL_NotifyHandleTxQueue
<LI><a href="#[1cc]">&gt;&gt;</a>&nbsp;&nbsp;&nbsp;LL_NotifyConnUpdCmpl
<LI><a href="#[1d6]">&gt;&gt;</a>&nbsp;&nbsp;&nbsp;LL_InitConnCtx
<LI><a href="#[4b7]">&gt;&gt;</a>&nbsp;&nbsp;&nbsp;LL_FindActMst (via Veneer)
<LI><a href="#[10d]">&gt;&gt;</a>&nbsp;&nbsp;&nbsp;LL_RejectExtIndHandler
<LI><a href="#[114]">&gt;&gt;</a>&nbsp;&nbsp;&nbsp;LL_PhyUpdIndHandler
<LI><a href="#[113]">&gt;&gt;</a>&nbsp;&nbsp;&nbsp;LL_PhyRspHandler
<LI><a href="#[112]">&gt;&gt;</a>&nbsp;&nbsp;&nbsp;LL_PhyReqHandler
<LI><a href="#[239]">&gt;&gt;</a>&nbsp;&nbsp;&nbsp;LL_PduHandler
<LI><a href="#[107]">&gt;&gt;</a>&nbsp;&nbsp;&nbsp;LL_FeatRspHandler
<LI><a href="#[101]">&gt;&gt;</a>&nbsp;&nbsp;&nbsp;LL_EncReqHandler
<LI><a href="#[111]">&gt;&gt;</a>&nbsp;&nbsp;&nbsp;LL_DataLenRspHandler
<LI><a href="#[110]">&gt;&gt;</a>&nbsp;&nbsp;&nbsp;LL_DataLenReqHandler
<LI><a href="#[1c5]">&gt;&gt;</a>&nbsp;&nbsp;&nbsp;LL_ConnEvtAdjust
<LI><a href="#[1d3]">&gt;&gt;</a>&nbsp;&nbsp;&nbsp;LL_AdjustConnParam (via Veneer)
<LI><a href="#[4c5]">&gt;&gt;</a>&nbsp;&nbsp;&nbsp;SCH_IRQCmdDoneHandle (via Veneer)
<LI><a href="#[1ca]">&gt;&gt;</a>&nbsp;&nbsp;&nbsp;LL_AdjustDataChannelIndexEx (via Veneer)
<LI><a href="#[1e3]">&gt;&gt;</a>&nbsp;&nbsp;&nbsp;LL_DisconnCmplHandler
<LI><a href="#[1bc]">&gt;&gt;</a>&nbsp;&nbsp;&nbsp;LL_ConnIndHandler
<LI><a href="#[33]">&gt;&gt;</a>&nbsp;&nbsp;&nbsp;LL_InitiatorPduHandler (via Veneer)
<LI><a href="#[4d7]">&gt;&gt;</a>&nbsp;&nbsp;&nbsp;LL_MstCreateConnPostHandler (via Veneer)
<LI><a href="#[10a]">&gt;&gt;</a>&nbsp;&nbsp;&nbsp;LL_VerIndHandler
<LI><a href="#[105]">&gt;&gt;</a>&nbsp;&nbsp;&nbsp;LL_UnKnownRspHandler
<LI><a href="#[104]">&gt;&gt;</a>&nbsp;&nbsp;&nbsp;LL_StartEncRspHandler
<LI><a href="#[10b]">&gt;&gt;</a>&nbsp;&nbsp;&nbsp;LL_RejectIndHandler
</UL>

<P><STRONG><a name="[11c]"></a>__aeabi_uldivmod</STRONG> (Thumb, 96 bytes, Stack size 48 bytes, uldiv.o(.text))
<BR><BR>[Stack]<UL><LI>Max Depth = 56<LI>Call Chain = __aeabi_uldivmod &rArr; __aeabi_llsl
</UL>
<BR>[Calls]<UL><LI><a href="#[11e]">&gt;&gt;</a>&nbsp;&nbsp;&nbsp;__aeabi_llsl
<LI><a href="#[11d]">&gt;&gt;</a>&nbsp;&nbsp;&nbsp;__aeabi_llsr
</UL>
<BR>[Called By]<UL><LI><a href="#[27d]">&gt;&gt;</a>&nbsp;&nbsp;&nbsp;UART_Init
<LI><a href="#[315]">&gt;&gt;</a>&nbsp;&nbsp;&nbsp;npl_freertos_time_ms_to_ticks
<LI><a href="#[43d]">&gt;&gt;</a>&nbsp;&nbsp;&nbsp;cy_rtos_mutex_get
<LI><a href="#[135]">&gt;&gt;</a>&nbsp;&nbsp;&nbsp;BB_32kTrackingInit
<LI><a href="#[252]">&gt;&gt;</a>&nbsp;&nbsp;&nbsp;BB_IsTimeExpired (via Veneer)
<LI><a href="#[280]">&gt;&gt;</a>&nbsp;&nbsp;&nbsp;_printf_core
<LI><a href="#[287]">&gt;&gt;</a>&nbsp;&nbsp;&nbsp;_fp_digits
</UL>

<P><STRONG><a name="[11f]"></a>__aeabi_lmul</STRONG> (Thumb, 122 bytes, Stack size 64 bytes, llmul.o(.text))
<BR><BR>[Stack]<UL><LI>Max Depth = 72<LI>Call Chain = __aeabi_lmul &rArr; __aeabi_llsl
</UL>
<BR>[Calls]<UL><LI><a href="#[11e]">&gt;&gt;</a>&nbsp;&nbsp;&nbsp;__aeabi_llsl
</UL>
<BR>[Called By]<UL><LI><a href="#[27d]">&gt;&gt;</a>&nbsp;&nbsp;&nbsp;UART_Init
</UL>

<P><STRONG><a name="[4e3]"></a>_ll_mul</STRONG> (Thumb, 0 bytes, Stack size 64 bytes, llmul.o(.text), UNUSED)

<P><STRONG><a name="[11e]"></a>__aeabi_llsl</STRONG> (Thumb, 32 bytes, Stack size 8 bytes, llshl.o(.text))
<BR><BR>[Stack]<UL><LI>Max Depth = 8<LI>Call Chain = __aeabi_llsl
</UL>
<BR>[Called By]<UL><LI><a href="#[18c]">&gt;&gt;</a>&nbsp;&nbsp;&nbsp;LHCI_IsLeEvtEnabled
<LI><a href="#[18b]">&gt;&gt;</a>&nbsp;&nbsp;&nbsp;LHCI_IsEvtEnabled
<LI><a href="#[11f]">&gt;&gt;</a>&nbsp;&nbsp;&nbsp;__aeabi_lmul
<LI><a href="#[11c]">&gt;&gt;</a>&nbsp;&nbsp;&nbsp;__aeabi_uldivmod
<LI><a href="#[125]">&gt;&gt;</a>&nbsp;&nbsp;&nbsp;_double_epilogue
<LI><a href="#[123]">&gt;&gt;</a>&nbsp;&nbsp;&nbsp;__aeabi_dadd
<LI><a href="#[12b]">&gt;&gt;</a>&nbsp;&nbsp;&nbsp;__aeabi_d2ulz
</UL>

<P><STRONG><a name="[4e4]"></a>_ll_shift_l</STRONG> (Thumb, 0 bytes, Stack size 8 bytes, llshl.o(.text), UNUSED)

<P><STRONG><a name="[4e5]"></a>___aeabi_memcpy8$move</STRONG> (Thumb, 0 bytes, Stack size 8 bytes, memmovea.o(.text), UNUSED)

<P><STRONG><a name="[166]"></a>__aeabi_memcpy</STRONG> (Thumb, 64 bytes, Stack size 8 bytes, memmovea.o(.text))
<BR><BR>[Stack]<UL><LI>Max Depth = 8<LI>Call Chain = __aeabi_memcpy
</UL>
<BR>[Called By]<UL><LI><a href="#[165]">&gt;&gt;</a>&nbsp;&nbsp;&nbsp;FMC_GetFlashUniqueId
<LI><a href="#[45b]">&gt;&gt;</a>&nbsp;&nbsp;&nbsp;xQueueReceiveFromISR
<LI><a href="#[45c]">&gt;&gt;</a>&nbsp;&nbsp;&nbsp;xQueueReceive
<LI><a href="#[27b]">&gt;&gt;</a>&nbsp;&nbsp;&nbsp;xQueueGenericSend
<LI><a href="#[47a]">&gt;&gt;</a>&nbsp;&nbsp;&nbsp;prvCopyDataToQueue
<LI><a href="#[168]">&gt;&gt;</a>&nbsp;&nbsp;&nbsp;FMC_ReadStream
<LI><a href="#[2aa]">&gt;&gt;</a>&nbsp;&nbsp;&nbsp;app_init
<LI><a href="#[2ea]">&gt;&gt;</a>&nbsp;&nbsp;&nbsp;os_mbuf_copydata
<LI><a href="#[7d]">&gt;&gt;</a>&nbsp;&nbsp;&nbsp;ble_att_svr_rx_read_type
<LI><a href="#[310]">&gt;&gt;</a>&nbsp;&nbsp;&nbsp;ble_gap_adv_set_fields
<LI><a href="#[29f]">&gt;&gt;</a>&nbsp;&nbsp;&nbsp;os_mbuf_append
<LI><a href="#[306]">&gt;&gt;</a>&nbsp;&nbsp;&nbsp;ble_uuid_init_from_buf
<LI><a href="#[2f2]">&gt;&gt;</a>&nbsp;&nbsp;&nbsp;ble_hs_conn_addrs
<LI><a href="#[2ef]">&gt;&gt;</a>&nbsp;&nbsp;&nbsp;ble_att_svr_check_perms
<LI><a href="#[2bc]">&gt;&gt;</a>&nbsp;&nbsp;&nbsp;ble_uuid_init_from_att_mbuf
<LI><a href="#[29e]">&gt;&gt;</a>&nbsp;&nbsp;&nbsp;ble_uuid_flat
<LI><a href="#[2d5]">&gt;&gt;</a>&nbsp;&nbsp;&nbsp;ble_att_clt_tx_find_type_value
<LI><a href="#[34a]">&gt;&gt;</a>&nbsp;&nbsp;&nbsp;ble_store_util_delete_peer
<LI><a href="#[407]">&gt;&gt;</a>&nbsp;&nbsp;&nbsp;ble_sm_enc_initiate
<LI><a href="#[312]">&gt;&gt;</a>&nbsp;&nbsp;&nbsp;ble_hs_hci_cmd_tx
<LI><a href="#[325]">&gt;&gt;</a>&nbsp;&nbsp;&nbsp;ble_hs_conn_find_by_addr
<LI><a href="#[32b]">&gt;&gt;</a>&nbsp;&nbsp;&nbsp;ble_gatts_bonding_restored
<LI><a href="#[32c]">&gt;&gt;</a>&nbsp;&nbsp;&nbsp;ble_gatts_bonding_established
<LI><a href="#[339]">&gt;&gt;</a>&nbsp;&nbsp;&nbsp;ble_gap_rx_conn_complete
<LI><a href="#[31a]">&gt;&gt;</a>&nbsp;&nbsp;&nbsp;ble_gap_fill_conn_desc
<LI><a href="#[39c]">&gt;&gt;</a>&nbsp;&nbsp;&nbsp;ble_hs_hci_cmd_send_buf
<LI><a href="#[29d]">&gt;&gt;</a>&nbsp;&nbsp;&nbsp;ble_uuid_to_mbuf
<LI><a href="#[37d]">&gt;&gt;</a>&nbsp;&nbsp;&nbsp;ble_hs_adv_parse_fields
<LI><a href="#[29b]">&gt;&gt;</a>&nbsp;&nbsp;&nbsp;ble_hs_adv_set_flat_mbuf
<LI><a href="#[36c]">&gt;&gt;</a>&nbsp;&nbsp;&nbsp;os_mbuf_pullup
<LI><a href="#[36d]">&gt;&gt;</a>&nbsp;&nbsp;&nbsp;ble_store_key_from_value_cccd
<LI><a href="#[36f]">&gt;&gt;</a>&nbsp;&nbsp;&nbsp;ble_gatts_conn_init
<LI><a href="#[4b]">&gt;&gt;</a>&nbsp;&nbsp;&nbsp;ble_gatts_clt_cfg_access
<LI><a href="#[353]">&gt;&gt;</a>&nbsp;&nbsp;&nbsp;ble_uuid_init_from_att_buf
<LI><a href="#[372]">&gt;&gt;</a>&nbsp;&nbsp;&nbsp;ble_gatts_rx_indicate_ack
<LI><a href="#[3cb]">&gt;&gt;</a>&nbsp;&nbsp;&nbsp;ble_hs_pvcy_set_our_irk
<LI><a href="#[3c8]">&gt;&gt;</a>&nbsp;&nbsp;&nbsp;os_mbuf_copyinto
<LI><a href="#[3b4]">&gt;&gt;</a>&nbsp;&nbsp;&nbsp;ble_hs_hci_util_rand
<LI><a href="#[3a5]">&gt;&gt;</a>&nbsp;&nbsp;&nbsp;ble_l2cap_sig_reject_invalid_cid_tx
<LI><a href="#[3ea]">&gt;&gt;</a>&nbsp;&nbsp;&nbsp;ble_sm_alg_c1
<LI><a href="#[419]">&gt;&gt;</a>&nbsp;&nbsp;&nbsp;ble_store_iterate_replace_cccd
<LI><a href="#[41d]">&gt;&gt;</a>&nbsp;&nbsp;&nbsp;ble_sm_sc_random_rx
<LI><a href="#[41c]">&gt;&gt;</a>&nbsp;&nbsp;&nbsp;ble_sm_sc_random_exec
<LI><a href="#[ed]">&gt;&gt;</a>&nbsp;&nbsp;&nbsp;ble_sm_sc_public_key_rx
<LI><a href="#[f9]">&gt;&gt;</a>&nbsp;&nbsp;&nbsp;ble_sm_sc_public_key_exec
<LI><a href="#[ee]">&gt;&gt;</a>&nbsp;&nbsp;&nbsp;ble_sm_sc_dhkey_check_rx
<LI><a href="#[fa]">&gt;&gt;</a>&nbsp;&nbsp;&nbsp;ble_sm_sc_dhkey_check_exec
<LI><a href="#[413]">&gt;&gt;</a>&nbsp;&nbsp;&nbsp;ble_sm_lgcy_random_rx
<LI><a href="#[412]">&gt;&gt;</a>&nbsp;&nbsp;&nbsp;ble_sm_lgcy_random_exec
<LI><a href="#[404]">&gt;&gt;</a>&nbsp;&nbsp;&nbsp;ble_sm_process_result
<LI><a href="#[40c]">&gt;&gt;</a>&nbsp;&nbsp;&nbsp;ble_sm_inject_io
<LI><a href="#[eb]">&gt;&gt;</a>&nbsp;&nbsp;&nbsp;ble_sm_sign_info_rx
<LI><a href="#[ec]">&gt;&gt;</a>&nbsp;&nbsp;&nbsp;ble_sm_sec_req_rx
<LI><a href="#[e5]">&gt;&gt;</a>&nbsp;&nbsp;&nbsp;ble_sm_random_rx
<LI><a href="#[e2]">&gt;&gt;</a>&nbsp;&nbsp;&nbsp;ble_sm_pair_req_rx
<LI><a href="#[f3]">&gt;&gt;</a>&nbsp;&nbsp;&nbsp;ble_sm_ltk_start_exec
<LI><a href="#[f4]">&gt;&gt;</a>&nbsp;&nbsp;&nbsp;ble_sm_ltk_restore_exec
<LI><a href="#[f7]">&gt;&gt;</a>&nbsp;&nbsp;&nbsp;ble_sm_key_exch_exec
<LI><a href="#[e9]">&gt;&gt;</a>&nbsp;&nbsp;&nbsp;ble_sm_id_info_rx
<LI><a href="#[408]">&gt;&gt;</a>&nbsp;&nbsp;&nbsp;ble_sm_fill_store_value
<LI><a href="#[f5]">&gt;&gt;</a>&nbsp;&nbsp;&nbsp;ble_sm_enc_start_exec
<LI><a href="#[e7]">&gt;&gt;</a>&nbsp;&nbsp;&nbsp;ble_sm_enc_info_rx
<LI><a href="#[e4]">&gt;&gt;</a>&nbsp;&nbsp;&nbsp;ble_sm_confirm_rx
<LI><a href="#[3df]">&gt;&gt;</a>&nbsp;&nbsp;&nbsp;ble_l2cap_sig_reject_tx
<LI><a href="#[3dd]">&gt;&gt;</a>&nbsp;&nbsp;&nbsp;os_mbuf_pack_chains
<LI><a href="#[286]">&gt;&gt;</a>&nbsp;&nbsp;&nbsp;_copy
<LI><a href="#[60]">&gt;&gt;</a>&nbsp;&nbsp;&nbsp;ble_store_util_iter_unique_peer
<LI><a href="#[2b2]">&gt;&gt;</a>&nbsp;&nbsp;&nbsp;ble_svc_gap_device_name_set
<LI><a href="#[5f]">&gt;&gt;</a>&nbsp;&nbsp;&nbsp;ble_store_util_iter_replace_mac
<LI><a href="#[289]">&gt;&gt;</a>&nbsp;&nbsp;&nbsp;_mtb_kvstore_buffered_write
<LI><a href="#[6d]">&gt;&gt;</a>&nbsp;&nbsp;&nbsp;ble_hci_evt_ll_to_host_cbk
<LI><a href="#[14c]">&gt;&gt;</a>&nbsp;&nbsp;&nbsp;RF_SetPowerLevel
<LI><a href="#[27c]">&gt;&gt;</a>&nbsp;&nbsp;&nbsp;proj_uart_at_handle
<LI><a href="#[285]">&gt;&gt;</a>&nbsp;&nbsp;&nbsp;internal_alloc
</UL>

<P><STRONG><a name="[27a]"></a>__aeabi_memcpy4</STRONG> (Thumb, 0 bytes, Stack size 8 bytes, memmovea.o(.text))
<BR><BR>[Stack]<UL><LI>Max Depth = 8<LI>Call Chain = __aeabi_memcpy4
</UL>
<BR>[Called By]<UL><LI><a href="#[450]">&gt;&gt;</a>&nbsp;&nbsp;&nbsp;pan10x_init
<LI><a href="#[305]">&gt;&gt;</a>&nbsp;&nbsp;&nbsp;os_mbuf_prepend
<LI><a href="#[36c]">&gt;&gt;</a>&nbsp;&nbsp;&nbsp;os_mbuf_pullup
<LI><a href="#[3f3]">&gt;&gt;</a>&nbsp;&nbsp;&nbsp;ble_sm_alg_f5
<LI><a href="#[424]">&gt;&gt;</a>&nbsp;&nbsp;&nbsp;ble_store_key_from_value_sec
<LI><a href="#[453]">&gt;&gt;</a>&nbsp;&nbsp;&nbsp;os_mbuf_trim_front
<LI><a href="#[5d]">&gt;&gt;</a>&nbsp;&nbsp;&nbsp;ble_store_config_write
<LI><a href="#[5c]">&gt;&gt;</a>&nbsp;&nbsp;&nbsp;ble_store_config_read
<LI><a href="#[445]">&gt;&gt;</a>&nbsp;&nbsp;&nbsp;mtb_kvstore_init
<LI><a href="#[279]">&gt;&gt;</a>&nbsp;&nbsp;&nbsp;UART_HandleProc
<LI><a href="#[267]">&gt;&gt;</a>&nbsp;&nbsp;&nbsp;phy_value_init_from_code
<LI><a href="#[26a]">&gt;&gt;</a>&nbsp;&nbsp;&nbsp;dcoc_calibration_process
</UL>

<P><STRONG><a name="[420]"></a>__aeabi_memmove</STRONG> (Thumb, 0 bytes, Stack size 8 bytes, memmovea.o(.text))
<BR><BR>[Stack]<UL><LI>Max Depth = 8<LI>Call Chain = __aeabi_memmove
</UL>
<BR>[Called By]<UL><LI><a href="#[3dd]">&gt;&gt;</a>&nbsp;&nbsp;&nbsp;os_mbuf_pack_chains
<LI><a href="#[5e]">&gt;&gt;</a>&nbsp;&nbsp;&nbsp;ble_store_config_delete
</UL>

<P><STRONG><a name="[293]"></a>__aeabi_memmove4</STRONG> (Thumb, 0 bytes, Stack size 8 bytes, memmovea.o(.text))
<BR><BR>[Stack]<UL><LI>Max Depth = 8<LI>Call Chain = __aeabi_memmove4
</UL>
<BR>[Called By]<UL><LI><a href="#[445]">&gt;&gt;</a>&nbsp;&nbsp;&nbsp;mtb_kvstore_init
<LI><a href="#[290]">&gt;&gt;</a>&nbsp;&nbsp;&nbsp;_mtb_kvstore_update_ram_table
</UL>

<P><STRONG><a name="[4e6]"></a>__aeabi_memmove8</STRONG> (Thumb, 0 bytes, Stack size 8 bytes, memmovea.o(.text), UNUSED)

<P><STRONG><a name="[121]"></a>__aeabi_memset</STRONG> (Thumb, 14 bytes, Stack size 0 bytes, memseta.o(.text))
<BR><BR>[Called By]<UL><LI><a href="#[2a8]">&gt;&gt;</a>&nbsp;&nbsp;&nbsp;xTaskCreate
<LI><a href="#[296]">&gt;&gt;</a>&nbsp;&nbsp;&nbsp;_set
<LI><a href="#[122]">&gt;&gt;</a>&nbsp;&nbsp;&nbsp;memset
<LI><a href="#[120]">&gt;&gt;</a>&nbsp;&nbsp;&nbsp;__aeabi_memclr
</UL>

<P><STRONG><a name="[4e7]"></a>__aeabi_memset4</STRONG> (Thumb, 0 bytes, Stack size 0 bytes, memseta.o(.text), UNUSED)

<P><STRONG><a name="[4e8]"></a>__aeabi_memset8</STRONG> (Thumb, 0 bytes, Stack size 0 bytes, memseta.o(.text), UNUSED)

<P><STRONG><a name="[120]"></a>__aeabi_memclr</STRONG> (Thumb, 4 bytes, Stack size 0 bytes, memseta.o(.text))
<BR><BR>[Calls]<UL><LI><a href="#[121]">&gt;&gt;</a>&nbsp;&nbsp;&nbsp;__aeabi_memset
</UL>
<BR>[Called By]<UL><LI><a href="#[26f]">&gt;&gt;</a>&nbsp;&nbsp;&nbsp;SystemHwParamLoader
<LI><a href="#[41d]">&gt;&gt;</a>&nbsp;&nbsp;&nbsp;ble_sm_sc_random_rx
<LI><a href="#[ee]">&gt;&gt;</a>&nbsp;&nbsp;&nbsp;ble_sm_sc_dhkey_check_rx
<LI><a href="#[fa]">&gt;&gt;</a>&nbsp;&nbsp;&nbsp;ble_sm_sc_dhkey_check_exec
<LI><a href="#[413]">&gt;&gt;</a>&nbsp;&nbsp;&nbsp;ble_sm_lgcy_random_rx
<LI><a href="#[40c]">&gt;&gt;</a>&nbsp;&nbsp;&nbsp;ble_sm_inject_io
<LI><a href="#[f7]">&gt;&gt;</a>&nbsp;&nbsp;&nbsp;ble_sm_key_exch_exec
<LI><a href="#[27c]">&gt;&gt;</a>&nbsp;&nbsp;&nbsp;proj_uart_at_handle
<LI><a href="#[441]">&gt;&gt;</a>&nbsp;&nbsp;&nbsp;default_data_init
</UL>

<P><STRONG><a name="[24e]"></a>__aeabi_memclr4</STRONG> (Thumb, 0 bytes, Stack size 0 bytes, memseta.o(.text))
<BR><BR>[Called By]<UL><LI><a href="#[2a8]">&gt;&gt;</a>&nbsp;&nbsp;&nbsp;xTaskCreate
<LI><a href="#[30f]">&gt;&gt;</a>&nbsp;&nbsp;&nbsp;ble_gap_adv_finished
<LI><a href="#[301]">&gt;&gt;</a>&nbsp;&nbsp;&nbsp;ble_gap_notify_rx_event
<LI><a href="#[2c7]">&gt;&gt;</a>&nbsp;&nbsp;&nbsp;ble_gap_mtu_event
<LI><a href="#[417]">&gt;&gt;</a>&nbsp;&nbsp;&nbsp;ble_sm_pair_initiate
<LI><a href="#[407]">&gt;&gt;</a>&nbsp;&nbsp;&nbsp;ble_sm_enc_initiate
<LI><a href="#[33b]">&gt;&gt;</a>&nbsp;&nbsp;&nbsp;ble_hs_conn_alloc
<LI><a href="#[345]">&gt;&gt;</a>&nbsp;&nbsp;&nbsp;ble_gap_subscribe_event
<LI><a href="#[343]">&gt;&gt;</a>&nbsp;&nbsp;&nbsp;ble_gap_rx_update_complete
<LI><a href="#[340]">&gt;&gt;</a>&nbsp;&nbsp;&nbsp;ble_gap_rx_phy_update_complete
<LI><a href="#[33f]">&gt;&gt;</a>&nbsp;&nbsp;&nbsp;ble_gap_rx_param_req
<LI><a href="#[33e]">&gt;&gt;</a>&nbsp;&nbsp;&nbsp;ble_gap_rx_l2cap_update_req
<LI><a href="#[33d]">&gt;&gt;</a>&nbsp;&nbsp;&nbsp;ble_gap_rx_disconn_complete
<LI><a href="#[339]">&gt;&gt;</a>&nbsp;&nbsp;&nbsp;ble_gap_rx_conn_complete
<LI><a href="#[337]">&gt;&gt;</a>&nbsp;&nbsp;&nbsp;ble_gap_rx_adv_report
<LI><a href="#[334]">&gt;&gt;</a>&nbsp;&nbsp;&nbsp;ble_gap_repeat_pairing_event
<LI><a href="#[333]">&gt;&gt;</a>&nbsp;&nbsp;&nbsp;ble_gap_passkey_event
<LI><a href="#[332]">&gt;&gt;</a>&nbsp;&nbsp;&nbsp;ble_gap_notify_tx_event
<LI><a href="#[32e]">&gt;&gt;</a>&nbsp;&nbsp;&nbsp;ble_gap_identity_event
<LI><a href="#[32a]">&gt;&gt;</a>&nbsp;&nbsp;&nbsp;ble_gap_enc_event
<LI><a href="#[319]">&gt;&gt;</a>&nbsp;&nbsp;&nbsp;ble_gap_conn_broken
<LI><a href="#[31c]">&gt;&gt;</a>&nbsp;&nbsp;&nbsp;ble_gap_update_notify
<LI><a href="#[331]">&gt;&gt;</a>&nbsp;&nbsp;&nbsp;ble_gap_master_failed
<LI><a href="#[329]">&gt;&gt;</a>&nbsp;&nbsp;&nbsp;ble_gap_disc_complete
<LI><a href="#[37d]">&gt;&gt;</a>&nbsp;&nbsp;&nbsp;ble_hs_adv_parse_fields
<LI><a href="#[371]">&gt;&gt;</a>&nbsp;&nbsp;&nbsp;ble_gatts_indicate_custom
<LI><a href="#[35e]">&gt;&gt;</a>&nbsp;&nbsp;&nbsp;ble_gattc_write_flat
<LI><a href="#[35a]">&gt;&gt;</a>&nbsp;&nbsp;&nbsp;ble_gattc_read
<LI><a href="#[357]">&gt;&gt;</a>&nbsp;&nbsp;&nbsp;ble_gattc_exchange_mtu
<LI><a href="#[355]">&gt;&gt;</a>&nbsp;&nbsp;&nbsp;ble_gattc_disc_all_svcs
<LI><a href="#[354]">&gt;&gt;</a>&nbsp;&nbsp;&nbsp;ble_gattc_disc_all_dscs
<LI><a href="#[350]">&gt;&gt;</a>&nbsp;&nbsp;&nbsp;ble_gattc_disc_all_chrs
<LI><a href="#[3ab]">&gt;&gt;</a>&nbsp;&nbsp;&nbsp;ble_sm_ltk_req_rx
<LI><a href="#[e2]">&gt;&gt;</a>&nbsp;&nbsp;&nbsp;ble_sm_pair_req_rx
<LI><a href="#[408]">&gt;&gt;</a>&nbsp;&nbsp;&nbsp;ble_sm_fill_store_value
<LI><a href="#[439]">&gt;&gt;</a>&nbsp;&nbsp;&nbsp;blehr_advertise
<LI><a href="#[445]">&gt;&gt;</a>&nbsp;&nbsp;&nbsp;mtb_kvstore_init
<LI><a href="#[265]">&gt;&gt;</a>&nbsp;&nbsp;&nbsp;phy_init_from_info
<LI><a href="#[221]">&gt;&gt;</a>&nbsp;&nbsp;&nbsp;LL_SendScanReport
</UL>

<P><STRONG><a name="[4e9]"></a>__aeabi_memclr8</STRONG> (Thumb, 0 bytes, Stack size 0 bytes, memseta.o(.text), UNUSED)

<P><STRONG><a name="[122]"></a>memset</STRONG> (Thumb, 18 bytes, Stack size 8 bytes, memseta.o(.text), UNUSED)
<BR><BR>[Calls]<UL><LI><a href="#[121]">&gt;&gt;</a>&nbsp;&nbsp;&nbsp;__aeabi_memset
</UL>

<P><STRONG><a name="[28b]"></a>strlen</STRONG> (Thumb, 14 bytes, Stack size 0 bytes, strlen.o(.text))
<BR><BR>[Called By]<UL><LI><a href="#[2b2]">&gt;&gt;</a>&nbsp;&nbsp;&nbsp;ble_svc_gap_device_name_set
<LI><a href="#[445]">&gt;&gt;</a>&nbsp;&nbsp;&nbsp;mtb_kvstore_init
<LI><a href="#[28f]">&gt;&gt;</a>&nbsp;&nbsp;&nbsp;_mtb_kvstore_write_record
<LI><a href="#[28d]">&gt;&gt;</a>&nbsp;&nbsp;&nbsp;_mtb_kvstore_read_record
<LI><a href="#[28e]">&gt;&gt;</a>&nbsp;&nbsp;&nbsp;_mtb_kvstore_garbage_collection
<LI><a href="#[28a]">&gt;&gt;</a>&nbsp;&nbsp;&nbsp;_mtb_kvstore_find_record_in_ram_table
</UL>

<P><STRONG><a name="[14e]"></a>memcmp</STRONG> (Thumb, 26 bytes, Stack size 12 bytes, memcmp.o(.text))
<BR><BR>[Stack]<UL><LI>Max Depth = 12<LI>Call Chain = memcmp
</UL>
<BR>[Called By]<UL><LI><a href="#[2ac]">&gt;&gt;</a>&nbsp;&nbsp;&nbsp;pan10x_mac_addr_get
<LI><a href="#[300]">&gt;&gt;</a>&nbsp;&nbsp;&nbsp;os_mbuf_cmpf
<LI><a href="#[2f5]">&gt;&gt;</a>&nbsp;&nbsp;&nbsp;ble_uuid_cmp
<LI><a href="#[2f2]">&gt;&gt;</a>&nbsp;&nbsp;&nbsp;ble_hs_conn_addrs
<LI><a href="#[325]">&gt;&gt;</a>&nbsp;&nbsp;&nbsp;ble_hs_conn_find_by_addr
<LI><a href="#[34b]">&gt;&gt;</a>&nbsp;&nbsp;&nbsp;ble_gap_unpair_oldest_except
<LI><a href="#[348]">&gt;&gt;</a>&nbsp;&nbsp;&nbsp;ble_gap_unpair
<LI><a href="#[339]">&gt;&gt;</a>&nbsp;&nbsp;&nbsp;ble_gap_rx_conn_complete
<LI><a href="#[381]">&gt;&gt;</a>&nbsp;&nbsp;&nbsp;ble_hs_id_addr
<LI><a href="#[360]">&gt;&gt;</a>&nbsp;&nbsp;&nbsp;os_mbuf_cmpm
<LI><a href="#[3cb]">&gt;&gt;</a>&nbsp;&nbsp;&nbsp;ble_hs_pvcy_set_our_irk
<LI><a href="#[3b9]">&gt;&gt;</a>&nbsp;&nbsp;&nbsp;ble_hs_id_infer_auto
<LI><a href="#[3b7]">&gt;&gt;</a>&nbsp;&nbsp;&nbsp;ble_hs_id_copy_addr
<LI><a href="#[3b6]">&gt;&gt;</a>&nbsp;&nbsp;&nbsp;ble_hs_id_addr_type_usable
<LI><a href="#[3fa]">&gt;&gt;</a>&nbsp;&nbsp;&nbsp;ble_sm_alg_gen_key_pair
<LI><a href="#[41b]">&gt;&gt;</a>&nbsp;&nbsp;&nbsp;ble_store_write_peer_sec
<LI><a href="#[41d]">&gt;&gt;</a>&nbsp;&nbsp;&nbsp;ble_sm_sc_random_rx
<LI><a href="#[ed]">&gt;&gt;</a>&nbsp;&nbsp;&nbsp;ble_sm_sc_public_key_rx
<LI><a href="#[40e]">&gt;&gt;</a>&nbsp;&nbsp;&nbsp;ble_sm_sc_oob_confirm
<LI><a href="#[ee]">&gt;&gt;</a>&nbsp;&nbsp;&nbsp;ble_sm_sc_dhkey_check_rx
<LI><a href="#[413]">&gt;&gt;</a>&nbsp;&nbsp;&nbsp;ble_sm_lgcy_random_rx
<LI><a href="#[404]">&gt;&gt;</a>&nbsp;&nbsp;&nbsp;ble_sm_process_result
<LI><a href="#[60]">&gt;&gt;</a>&nbsp;&nbsp;&nbsp;ble_store_util_iter_unique_peer
<LI><a href="#[62]">&gt;&gt;</a>&nbsp;&nbsp;&nbsp;blecent_gap_event
<LI><a href="#[5c]">&gt;&gt;</a>&nbsp;&nbsp;&nbsp;ble_store_config_read
<LI><a href="#[5f]">&gt;&gt;</a>&nbsp;&nbsp;&nbsp;ble_store_util_iter_replace_mac
<LI><a href="#[41f]">&gt;&gt;</a>&nbsp;&nbsp;&nbsp;ble_store_config_find_sec
<LI><a href="#[421]">&gt;&gt;</a>&nbsp;&nbsp;&nbsp;ble_store_config_find_cccd
<LI><a href="#[28d]">&gt;&gt;</a>&nbsp;&nbsp;&nbsp;_mtb_kvstore_read_record
<LI><a href="#[14d]">&gt;&gt;</a>&nbsp;&nbsp;&nbsp;BdaCmp
</UL>

<P><STRONG><a name="[473]"></a>strncmp</STRONG> (Thumb, 30 bytes, Stack size 12 bytes, strncmp.o(.text))
<BR><BR>[Stack]<UL><LI>Max Depth = 12<LI>Call Chain = strncmp
</UL>
<BR>[Called By]<UL><LI><a href="#[27c]">&gt;&gt;</a>&nbsp;&nbsp;&nbsp;proj_uart_at_handle
</UL>

<P><STRONG><a name="[11d]"></a>__aeabi_llsr</STRONG> (Thumb, 34 bytes, Stack size 8 bytes, llushr.o(.text))
<BR><BR>[Stack]<UL><LI>Max Depth = 8<LI>Call Chain = __aeabi_llsr
</UL>
<BR>[Called By]<UL><LI><a href="#[11c]">&gt;&gt;</a>&nbsp;&nbsp;&nbsp;__aeabi_uldivmod
<LI><a href="#[125]">&gt;&gt;</a>&nbsp;&nbsp;&nbsp;_double_epilogue
<LI><a href="#[12b]">&gt;&gt;</a>&nbsp;&nbsp;&nbsp;__aeabi_d2ulz
</UL>

<P><STRONG><a name="[4ea]"></a>_ll_ushift_r</STRONG> (Thumb, 0 bytes, Stack size 8 bytes, llushr.o(.text), UNUSED)

<P><STRONG><a name="[4eb]"></a>__I$use$fp</STRONG> (Thumb, 0 bytes, Stack size unknown bytes, iusefp.o(.text), UNUSED)

<P><STRONG><a name="[123]"></a>__aeabi_dadd</STRONG> (Thumb, 330 bytes, Stack size 48 bytes, dadd.o(.text), UNUSED)
<BR><BR>[Calls]<UL><LI><a href="#[11e]">&gt;&gt;</a>&nbsp;&nbsp;&nbsp;__aeabi_llsl
<LI><a href="#[124]">&gt;&gt;</a>&nbsp;&nbsp;&nbsp;__aeabi_lasr
<LI><a href="#[126]">&gt;&gt;</a>&nbsp;&nbsp;&nbsp;_double_round
<LI><a href="#[125]">&gt;&gt;</a>&nbsp;&nbsp;&nbsp;_double_epilogue
</UL>
<BR>[Called By]<UL><LI><a href="#[128]">&gt;&gt;</a>&nbsp;&nbsp;&nbsp;__aeabi_drsub
<LI><a href="#[127]">&gt;&gt;</a>&nbsp;&nbsp;&nbsp;__aeabi_dsub
<LI><a href="#[287]">&gt;&gt;</a>&nbsp;&nbsp;&nbsp;_fp_digits
</UL>

<P><STRONG><a name="[127]"></a>__aeabi_dsub</STRONG> (Thumb, 12 bytes, Stack size 8 bytes, dadd.o(.text), UNUSED)
<BR><BR>[Calls]<UL><LI><a href="#[123]">&gt;&gt;</a>&nbsp;&nbsp;&nbsp;__aeabi_dadd
</UL>

<P><STRONG><a name="[128]"></a>__aeabi_drsub</STRONG> (Thumb, 12 bytes, Stack size 8 bytes, dadd.o(.text), UNUSED)
<BR><BR>[Calls]<UL><LI><a href="#[123]">&gt;&gt;</a>&nbsp;&nbsp;&nbsp;__aeabi_dadd
</UL>

<P><STRONG><a name="[129]"></a>__aeabi_dmul</STRONG> (Thumb, 202 bytes, Stack size 72 bytes, dmul.o(.text), UNUSED)
<BR><BR>[Calls]<UL><LI><a href="#[125]">&gt;&gt;</a>&nbsp;&nbsp;&nbsp;_double_epilogue
</UL>
<BR>[Called By]<UL><LI><a href="#[287]">&gt;&gt;</a>&nbsp;&nbsp;&nbsp;_fp_digits
</UL>

<P><STRONG><a name="[12a]"></a>__aeabi_ddiv</STRONG> (Thumb, 234 bytes, Stack size 40 bytes, ddiv.o(.text), UNUSED)
<BR><BR>[Calls]<UL><LI><a href="#[126]">&gt;&gt;</a>&nbsp;&nbsp;&nbsp;_double_round
</UL>
<BR>[Called By]<UL><LI><a href="#[287]">&gt;&gt;</a>&nbsp;&nbsp;&nbsp;_fp_digits
</UL>

<P><STRONG><a name="[12b]"></a>__aeabi_d2ulz</STRONG> (Thumb, 54 bytes, Stack size 8 bytes, dfixul.o(.text), UNUSED)
<BR><BR>[Calls]<UL><LI><a href="#[11e]">&gt;&gt;</a>&nbsp;&nbsp;&nbsp;__aeabi_llsl
<LI><a href="#[11d]">&gt;&gt;</a>&nbsp;&nbsp;&nbsp;__aeabi_llsr
</UL>
<BR>[Called By]<UL><LI><a href="#[287]">&gt;&gt;</a>&nbsp;&nbsp;&nbsp;_fp_digits
</UL>

<P><STRONG><a name="[288]"></a>__aeabi_cdrcmple</STRONG> (Thumb, 38 bytes, Stack size 0 bytes, cdrcmple.o(.text), UNUSED)
<BR><BR>[Called By]<UL><LI><a href="#[287]">&gt;&gt;</a>&nbsp;&nbsp;&nbsp;_fp_digits
</UL>

<P><STRONG><a name="[117]"></a>__scatterload</STRONG> (Thumb, 28 bytes, Stack size 0 bytes, init.o(.text))
<BR><BR>[Calls]<UL><LI><a href="#[12c]">&gt;&gt;</a>&nbsp;&nbsp;&nbsp;__main_after_scatterload
</UL>
<BR>[Called By]<UL><LI><a href="#[116]">&gt;&gt;</a>&nbsp;&nbsp;&nbsp;_main_scatterload
</UL>

<P><STRONG><a name="[4ec]"></a>__scatterload_rt2</STRONG> (Thumb, 0 bytes, Stack size 0 bytes, init.o(.text), UNUSED)

<P><STRONG><a name="[124]"></a>__aeabi_lasr</STRONG> (Thumb, 38 bytes, Stack size 8 bytes, llsshr.o(.text), UNUSED)
<BR><BR>[Called By]<UL><LI><a href="#[123]">&gt;&gt;</a>&nbsp;&nbsp;&nbsp;__aeabi_dadd
</UL>

<P><STRONG><a name="[4ed]"></a>_ll_sshift_r</STRONG> (Thumb, 0 bytes, Stack size 8 bytes, llsshr.o(.text), UNUSED)

<P><STRONG><a name="[126]"></a>_double_round</STRONG> (Thumb, 26 bytes, Stack size 8 bytes, depilogue.o(.text), UNUSED)
<BR><BR>[Called By]<UL><LI><a href="#[125]">&gt;&gt;</a>&nbsp;&nbsp;&nbsp;_double_epilogue
<LI><a href="#[12a]">&gt;&gt;</a>&nbsp;&nbsp;&nbsp;__aeabi_ddiv
<LI><a href="#[123]">&gt;&gt;</a>&nbsp;&nbsp;&nbsp;__aeabi_dadd
</UL>

<P><STRONG><a name="[125]"></a>_double_epilogue</STRONG> (Thumb, 164 bytes, Stack size 48 bytes, depilogue.o(.text), UNUSED)
<BR><BR>[Calls]<UL><LI><a href="#[11e]">&gt;&gt;</a>&nbsp;&nbsp;&nbsp;__aeabi_llsl
<LI><a href="#[12d]">&gt;&gt;</a>&nbsp;&nbsp;&nbsp;__ARM_clz
<LI><a href="#[126]">&gt;&gt;</a>&nbsp;&nbsp;&nbsp;_double_round
<LI><a href="#[11d]">&gt;&gt;</a>&nbsp;&nbsp;&nbsp;__aeabi_llsr
</UL>
<BR>[Called By]<UL><LI><a href="#[129]">&gt;&gt;</a>&nbsp;&nbsp;&nbsp;__aeabi_dmul
<LI><a href="#[123]">&gt;&gt;</a>&nbsp;&nbsp;&nbsp;__aeabi_dadd
</UL>

<P><STRONG><a name="[4ee]"></a>__decompress</STRONG> (Thumb, 0 bytes, Stack size unknown bytes, __dczerorl2.o(.text), UNUSED)

<P><STRONG><a name="[4ef]"></a>__decompress1</STRONG> (Thumb, 86 bytes, Stack size unknown bytes, __dczerorl2.o(.text), UNUSED)

<P><STRONG><a name="[270]"></a>ADC_SetCalirationParams</STRONG> (Thumb, 2 bytes, Stack size 0 bytes, system_panseries.o(i.ADC_SetCalirationParams))
<BR><BR>[Called By]<UL><LI><a href="#[26f]">&gt;&gt;</a>&nbsp;&nbsp;&nbsp;SystemHwParamLoader
</UL>

<P><STRONG><a name="[12e]"></a>AES_Encrypt</STRONG> (Thumb, 324 bytes, Stack size 48 bytes, aes.o(i.AES_Encrypt))
<BR><BR>[Stack]<UL><LI>Max Depth = 144<LI>Call Chain = AES_Encrypt &rArr; _rijndaelEncrypt
</UL>
<BR>[Calls]<UL><LI><a href="#[131]">&gt;&gt;</a>&nbsp;&nbsp;&nbsp;xmemcpy (via Veneer)
<LI><a href="#[12f]">&gt;&gt;</a>&nbsp;&nbsp;&nbsp;_rijndaelSetKey
<LI><a href="#[130]">&gt;&gt;</a>&nbsp;&nbsp;&nbsp;_rijndaelEncrypt
</UL>
<BR>[Called By]<UL><LI><a href="#[102]">&gt;&gt;</a>&nbsp;&nbsp;&nbsp;LL_EncRspHandler
<LI><a href="#[1a5]">&gt;&gt;</a>&nbsp;&nbsp;&nbsp;LL_LE_LtkReqReplyHandler
<LI><a href="#[1a2]">&gt;&gt;</a>&nbsp;&nbsp;&nbsp;LL_LE_Encrypt
</UL>

<P><STRONG><a name="[132]"></a>AES_Init</STRONG> (Thumb, 30 bytes, Stack size 8 bytes, aes.o(i.AES_Init))
<BR><BR>[Stack]<UL><LI>Max Depth = 16<LI>Call Chain = AES_Init &rArr; BB_MemAlloc
</UL>
<BR>[Calls]<UL><LI><a href="#[134]">&gt;&gt;</a>&nbsp;&nbsp;&nbsp;assert_failed
<LI><a href="#[133]">&gt;&gt;</a>&nbsp;&nbsp;&nbsp;BB_MemAlloc
</UL>
<BR>[Called By]<UL><LI><a href="#[1ec]">&gt;&gt;</a>&nbsp;&nbsp;&nbsp;LL_Init
</UL>

<P><STRONG><a name="[135]"></a>BB_32kTrackingInit</STRONG> (Thumb, 140 bytes, Stack size 24 bytes, bb.o(i.BB_32kTrackingInit))
<BR><BR>[Stack]<UL><LI>Max Depth = 80<LI>Call Chain = BB_32kTrackingInit &rArr; __aeabi_uldivmod &rArr; __aeabi_llsl
</UL>
<BR>[Calls]<UL><LI><a href="#[136]">&gt;&gt;</a>&nbsp;&nbsp;&nbsp;BB_Calibrate32kRC
<LI><a href="#[137]">&gt;&gt;</a>&nbsp;&nbsp;&nbsp;clktrim_measure_32k_clk_start (via Veneer)
<LI><a href="#[11c]">&gt;&gt;</a>&nbsp;&nbsp;&nbsp;__aeabi_uldivmod
</UL>
<BR>[Called By]<UL><LI><a href="#[147]">&gt;&gt;</a>&nbsp;&nbsp;&nbsp;BB_Init
</UL>

<P><STRONG><a name="[136]"></a>BB_Calibrate32kRC</STRONG> (Thumb, 232 bytes, Stack size 24 bytes, bb.o(i.BB_Calibrate32kRC))
<BR><BR>[Stack]<UL><LI>Max Depth = 52<LI>Call Chain = BB_Calibrate32kRC &rArr; TRIM_SetErrRange &rArr; __aeabi_uidivmod
</UL>
<BR>[Calls]<UL><LI><a href="#[13a]">&gt;&gt;</a>&nbsp;&nbsp;&nbsp;TRIM_SetErrRange
<LI><a href="#[139]">&gt;&gt;</a>&nbsp;&nbsp;&nbsp;TRIM_SetCalWaitCnt
<LI><a href="#[138]">&gt;&gt;</a>&nbsp;&nbsp;&nbsp;TRIM_SetCalCnt
<LI><a href="#[11b]">&gt;&gt;</a>&nbsp;&nbsp;&nbsp;__aeabi_uidivmod
</UL>
<BR>[Called By]<UL><LI><a href="#[135]">&gt;&gt;</a>&nbsp;&nbsp;&nbsp;BB_32kTrackingInit
</UL>

<P><STRONG><a name="[13b]"></a>BB_DebugInit</STRONG> (Thumb, 60 bytes, Stack size 8 bytes, bb.o(i.BB_DebugInit))
<BR><BR>[Stack]<UL><LI>Max Depth = 12<LI>Call Chain = BB_DebugInit &rArr; BB_SetDebugChn
</UL>
<BR>[Calls]<UL><LI><a href="#[13c]">&gt;&gt;</a>&nbsp;&nbsp;&nbsp;BB_SetDebugChn
</UL>
[...]
<BR><BR>[Stack]<UL><LI>Max Depth = 56<LI>Call Chain = ble_store_config_print_value_sec &rArr; __2printf
</UL>
<BR>[Calls]<UL><LI><a href="#[16c]">&gt;&gt;</a>&nbsp;&nbsp;&nbsp;__2printf
</UL>
<BR>[Called By]<UL><LI><a href="#[5d]">&gt;&gt;</a>&nbsp;&nbsp;&nbsp;ble_store_config_write
</UL>

<P><STRONG><a name="[5f]"></a>ble_store_util_iter_replace_mac</STRONG> (Thumb, 74 bytes, Stack size 16 bytes, ble_store_config.o(i.ble_store_util_iter_replace_mac))
<BR><BR>[Stack]<UL><LI>Max Depth = 128<LI>Call Chain = ble_store_util_iter_replace_mac &rArr; ble_store_config_write &rArr; ble_store_config_print_value_sec &rArr; __2printf
</UL>
<BR>[Calls]<UL><LI><a href="#[367]">&gt;&gt;</a>&nbsp;&nbsp;&nbsp;ble_hs_misc_peer_addr_type_to_id
<LI><a href="#[5d]">&gt;&gt;</a>&nbsp;&nbsp;&nbsp;ble_store_config_write
<LI><a href="#[14e]">&gt;&gt;</a>&nbsp;&nbsp;&nbsp;memcmp
<LI><a href="#[166]">&gt;&gt;</a>&nbsp;&nbsp;&nbsp;__aeabi_memcpy
</UL>
<BR>[Address Reference Count : 1]<UL><LI> ble_store_config.o(i.ble_store_iterate_replace_cccd)
</UL>
<P><STRONG><a name="[62]"></a>blecent_gap_event</STRONG> (Thumb, 508 bytes, Stack size 288 bytes, main.o(i.blecent_gap_event))
<BR><BR>[Stack]<UL><LI>Max Depth = 624<LI>Call Chain = blecent_gap_event &rArr; blecent_scan &rArr; ble_gap_disc &rArr; ble_hs_timer_resched &rArr; npl_freertos_callout_reset &rArr; xTimerGenericCommand &rArr; xQueueGenericSend &rArr; prvUnlockQueue &rArr; prvCopyDataToQueue &rArr; xTaskPriorityDisinherit
</UL>
<BR>[Calls]<UL><LI><a href="#[297]">&gt;&gt;</a>&nbsp;&nbsp;&nbsp;abort
<LI><a href="#[34a]">&gt;&gt;</a>&nbsp;&nbsp;&nbsp;ble_store_util_delete_peer
<LI><a href="#[328]">&gt;&gt;</a>&nbsp;&nbsp;&nbsp;ble_gap_disc_cancel
<LI><a href="#[324]">&gt;&gt;</a>&nbsp;&nbsp;&nbsp;ble_gap_connect
<LI><a href="#[323]">&gt;&gt;</a>&nbsp;&nbsp;&nbsp;ble_gap_conn_find
<LI><a href="#[37d]">&gt;&gt;</a>&nbsp;&nbsp;&nbsp;ble_hs_adv_parse_fields
<LI><a href="#[3b9]">&gt;&gt;</a>&nbsp;&nbsp;&nbsp;ble_hs_id_infer_auto
<LI><a href="#[430]">&gt;&gt;</a>&nbsp;&nbsp;&nbsp;print_conn_desc
<LI><a href="#[432]">&gt;&gt;</a>&nbsp;&nbsp;&nbsp;peer_disc_all
<LI><a href="#[433]">&gt;&gt;</a>&nbsp;&nbsp;&nbsp;peer_delete
<LI><a href="#[431]">&gt;&gt;</a>&nbsp;&nbsp;&nbsp;peer_add
<LI><a href="#[434]">&gt;&gt;</a>&nbsp;&nbsp;&nbsp;data_printf
<LI><a href="#[298]">&gt;&gt;</a>&nbsp;&nbsp;&nbsp;addr_str
<LI><a href="#[435]">&gt;&gt;</a>&nbsp;&nbsp;&nbsp;TGT_SendMultiData
<LI><a href="#[2a6]">&gt;&gt;</a>&nbsp;&nbsp;&nbsp;blecent_scan
<LI><a href="#[14e]">&gt;&gt;</a>&nbsp;&nbsp;&nbsp;memcmp
<LI><a href="#[16c]">&gt;&gt;</a>&nbsp;&nbsp;&nbsp;__2printf
</UL>
<BR>[Address Reference Count : 2]<UL><LI> main.o(i.blecent_gap_event)
<LI> main.o(i.blecent_scan)
</UL>
<P><STRONG><a name="[63]"></a>blecent_on_disc_complete</STRONG> (Thumb, 314 bytes, Stack size 160 bytes, main.o(i.blecent_on_disc_complete))
<BR><BR>[Stack]<UL><LI>Max Depth = 464<LI>Call Chain = blecent_on_disc_complete &rArr; ble_gattc_read &rArr; ble_gattc_process_status &rArr; ble_hs_timer_resched &rArr; npl_freertos_callout_reset &rArr; xTimerGenericCommand &rArr; xQueueGenericSend &rArr; prvUnlockQueue &rArr; prvCopyDataToQueue &rArr; xTaskPriorityDisinherit
</UL>
<BR>[Calls]<UL><LI><a href="#[346]">&gt;&gt;</a>&nbsp;&nbsp;&nbsp;ble_gap_terminate
<LI><a href="#[35e]">&gt;&gt;</a>&nbsp;&nbsp;&nbsp;ble_gattc_write_flat
<LI><a href="#[35a]">&gt;&gt;</a>&nbsp;&nbsp;&nbsp;ble_gattc_read
<LI><a href="#[437]">&gt;&gt;</a>&nbsp;&nbsp;&nbsp;peer_dsc_find_uuid
<LI><a href="#[436]">&gt;&gt;</a>&nbsp;&nbsp;&nbsp;peer_chr_find_uuid
<LI><a href="#[435]">&gt;&gt;</a>&nbsp;&nbsp;&nbsp;TGT_SendMultiData
<LI><a href="#[16c]">&gt;&gt;</a>&nbsp;&nbsp;&nbsp;__2printf
</UL>
<BR>[Address Reference Count : 1]<UL><LI> main.o(i.blecent_gap_event)
</UL>
<P><STRONG><a name="[64]"></a>blecent_on_read</STRONG> (Thumb, 46 bytes, Stack size 16 bytes, main.o(i.blecent_on_read))
<BR><BR>[Stack]<UL><LI>Max Depth = 64<LI>Call Chain = blecent_on_read &rArr; print_mbuf &rArr; __2printf
</UL>
<BR>[Calls]<UL><LI><a href="#[438]">&gt;&gt;</a>&nbsp;&nbsp;&nbsp;print_mbuf
<LI><a href="#[16c]">&gt;&gt;</a>&nbsp;&nbsp;&nbsp;__2printf
</UL>
<BR>[Address Reference Count : 1]<UL><LI> main.o(i.blecent_on_disc_complete)
</UL>
<P><STRONG><a name="[3d]"></a>blecent_on_reset</STRONG> (Thumb, 12 bytes, Stack size 8 bytes, main.o(i.blecent_on_reset))
<BR><BR>[Stack]<UL><LI>Max Depth = 32<LI>Call Chain = blecent_on_reset &rArr; __2printf
</UL>
<BR>[Calls]<UL><LI><a href="#[16c]">&gt;&gt;</a>&nbsp;&nbsp;&nbsp;__2printf
</UL>
<BR>[Address Reference Count : 1]<UL><LI> main.o(i.app_init)
</UL>
<P><STRONG><a name="[66]"></a>blecent_on_subscribe</STRONG> (Thumb, 18 bytes, Stack size 8 bytes, main.o(i.blecent_on_subscribe))
<BR><BR>[Stack]<UL><LI>Max Depth = 32<LI>Call Chain = blecent_on_subscribe &rArr; __2printf
</UL>
<BR>[Calls]<UL><LI><a href="#[16c]">&gt;&gt;</a>&nbsp;&nbsp;&nbsp;__2printf
</UL>
<BR>[Address Reference Count : 1]<UL><LI> main.o(i.blecent_on_disc_complete)
</UL>
<P><STRONG><a name="[3e]"></a>blecent_on_sync</STRONG> (Thumb, 30 bytes, Stack size 8 bytes, main.o(i.blecent_on_sync))
<BR><BR>[Stack]<UL><LI>Max Depth = 576<LI>Call Chain = blecent_on_sync &rArr; blehr_advertise &rArr; ble_gap_adv_set_fields &rArr; ble_hs_adv_set_fields &rArr; adv_set_fields &rArr; ble_hs_hci_util_read_adv_tx_pwr &rArr; ble_hs_hci_cmd_tx &rArr; ble_hs_sched_reset &rArr; npl_freertos_eventq_put &rArr; xQueueGenericSend &rArr; prvUnlockQueue &rArr; prvCopyDataToQueue &rArr; xTaskPriorityDisinherit
</UL>
<BR>[Calls]<UL><LI><a href="#[297]">&gt;&gt;</a>&nbsp;&nbsp;&nbsp;abort
<LI><a href="#[43a]">&gt;&gt;</a>&nbsp;&nbsp;&nbsp;vTaskDelay
<LI><a href="#[3da]">&gt;&gt;</a>&nbsp;&nbsp;&nbsp;ble_hs_util_ensure_addr
<LI><a href="#[439]">&gt;&gt;</a>&nbsp;&nbsp;&nbsp;blehr_advertise
</UL>
<BR>[Address Reference Count : 1]<UL><LI> main.o(i.app_init)
</UL>
<P><STRONG><a name="[65]"></a>blecent_on_write</STRONG> (Thumb, 18 bytes, Stack size 8 bytes, main.o(i.blecent_on_write))
<BR><BR>[Stack]<UL><LI>Max Depth = 32<LI>Call Chain = blecent_on_write &rArr; __2printf
</UL>
<BR>[Calls]<UL><LI><a href="#[16c]">&gt;&gt;</a>&nbsp;&nbsp;&nbsp;__2printf
</UL>
<BR>[Address Reference Count : 2]<UL><LI> main.o(i.blecent_on_disc_complete)
<LI> main.o(i.central_write)
</UL>
<P><STRONG><a name="[439]"></a>blehr_advertise</STRONG> (Thumb, 152 bytes, Stack size 152 bytes, main.o(i.blehr_advertise))
<BR><BR>[Stack]<UL><LI>Max Depth = 568<LI>Call Chain = blehr_advertise &rArr; ble_gap_adv_set_fields &rArr; ble_hs_adv_set_fields &rArr; adv_set_fields &rArr; ble_hs_hci_util_read_adv_tx_pwr &rArr; ble_hs_hci_cmd_tx &rArr; ble_hs_sched_reset &rArr; npl_freertos_eventq_put &rArr; xQueueGenericSend &rArr; prvUnlockQueue &rArr; prvCopyDataToQueue &rArr; xTaskPriorityDisinherit
</UL>
<BR>[Calls]<UL><LI><a href="#[2ec]">&gt;&gt;</a>&nbsp;&nbsp;&nbsp;ble_att_set_preferred_mtu
<LI><a href="#[310]">&gt;&gt;</a>&nbsp;&nbsp;&nbsp;ble_gap_adv_set_fields
<LI><a href="#[313]">&gt;&gt;</a>&nbsp;&nbsp;&nbsp;ble_gap_adv_start
<LI><a href="#[24e]">&gt;&gt;</a>&nbsp;&nbsp;&nbsp;__aeabi_memclr4
<LI><a href="#[16c]">&gt;&gt;</a>&nbsp;&nbsp;&nbsp;__2printf
</UL>
<BR>[Called By]<UL><LI><a href="#[67]">&gt;&gt;</a>&nbsp;&nbsp;&nbsp;bleph_gap_event
<LI><a href="#[3e]">&gt;&gt;</a>&nbsp;&nbsp;&nbsp;blecent_on_sync
</UL>

<P><STRONG><a name="[40]"></a>blehr_tx_hrate</STRONG> (Thumb, 102 bytes, Stack size 16 bytes, main.o(i.blehr_tx_hrate))
<BR><BR>[Stack]<UL><LI>Max Depth = 464<LI>Call Chain = blehr_tx_hrate &rArr; ble_gatts_notify_custom &rArr; ble_att_svr_read_handle &rArr; ble_att_svr_check_perms &rArr; ble_store_read_peer_sec &rArr; ble_hs_unlock &rArr; npl_freertos_mutex_release &rArr; xQueueGiveMutexRecursive &rArr; xQueueGenericSend &rArr; prvUnlockQueue &rArr; prvCopyDataToQueue &rArr; xTaskPriorityDisinherit
</UL>
<BR>[Calls]<UL><LI><a href="#[297]">&gt;&gt;</a>&nbsp;&nbsp;&nbsp;abort
<LI><a href="#[3d1]">&gt;&gt;</a>&nbsp;&nbsp;&nbsp;xTimerGenericCommand
<LI><a href="#[3d6]">&gt;&gt;</a>&nbsp;&nbsp;&nbsp;npl_freertos_callout_reset
<LI><a href="#[35b]">&gt;&gt;</a>&nbsp;&nbsp;&nbsp;ble_hs_mbuf_from_flat
<LI><a href="#[374]">&gt;&gt;</a>&nbsp;&nbsp;&nbsp;ble_gatts_notify_custom
</UL>
<BR>[Address Reference Count : 1]<UL><LI> main.o(i.app_init)
</UL>
<P><STRONG><a name="[67]"></a>bleph_gap_event</STRONG> (Thumb, 230 bytes, Stack size 40 bytes, main.o(i.bleph_gap_event))
<BR><BR>[Stack]<UL><LI>Max Depth = 888<LI>Call Chain = bleph_gap_event &rArr; ble_sm_inject_io &rArr; ble_sm_process_result &rArr; ble_gap_enc_event &rArr; ble_gatts_bonding_restored &rArr; ble_gatts_indicate &rArr; ble_gatts_indicate_custom &rArr; ble_att_svr_read_handle &rArr; ble_att_svr_check_perms &rArr; ble_store_read_peer_sec &rArr; ble_hs_unlock &rArr; npl_freertos_mutex_release &rArr; xQueueGiveMutexRecursive &rArr; xQueueGenericSend &rArr; prvUnlockQueue &rArr; prvCopyDataToQueue &rArr; xTaskPriorityDisinherit
</UL>
<BR>[Calls]<UL><LI><a href="#[357]">&gt;&gt;</a>&nbsp;&nbsp;&nbsp;ble_gattc_exchange_mtu
<LI><a href="#[40c]">&gt;&gt;</a>&nbsp;&nbsp;&nbsp;ble_sm_inject_io
<LI><a href="#[439]">&gt;&gt;</a>&nbsp;&nbsp;&nbsp;blehr_advertise
<LI><a href="#[16c]">&gt;&gt;</a>&nbsp;&nbsp;&nbsp;__2printf
</UL>
<BR>[Address Reference Count : 1]<UL><LI> main.o(i.blehr_advertise)
</UL>
<P><STRONG><a name="[68]"></a>btshell_on_mtu</STRONG> (Thumb, 28 bytes, Stack size 8 bytes, main.o(i.btshell_on_mtu))
<BR><BR>[Stack]<UL><LI>Max Depth = 32<LI>Call Chain = btshell_on_mtu &rArr; __2printf
</UL>
<BR>[Calls]<UL><LI><a href="#[16c]">&gt;&gt;</a>&nbsp;&nbsp;&nbsp;__2printf
</UL>
<BR>[Address Reference Count : 1]<UL><LI> main.o(i.bleph_gap_event)
</UL>
<P><STRONG><a name="[71]"></a>peer_chr_disced</STRONG> (Thumb, 246 bytes, Stack size 24 bytes, peer.o(i.peer_chr_disced))
<BR><BR>[Stack]<UL><LI>Max Depth = 352<LI>Call Chain = peer_chr_disced &rArr; peer_disc_chrs &rArr; ble_gattc_disc_all_dscs &rArr; ble_gattc_process_status &rArr; ble_hs_timer_resched &rArr; npl_freertos_callout_reset &rArr; xTimerGenericCommand &rArr; xQueueGenericSend &rArr; prvUnlockQueue &rArr; prvCopyDataToQueue &rArr; xTaskPriorityDisinherit
</UL>
<BR>[Calls]<UL><LI><a href="#[297]">&gt;&gt;</a>&nbsp;&nbsp;&nbsp;abort
<LI><a href="#[2fd]">&gt;&gt;</a>&nbsp;&nbsp;&nbsp;os_memblock_get
<LI><a href="#[470]">&gt;&gt;</a>&nbsp;&nbsp;&nbsp;peer_disc_chrs
</UL>
<BR>[Address Reference Count : 1]<UL><LI> peer.o(i.peer_disc_chrs)
</UL>
<P><STRONG><a name="[470]"></a>peer_disc_chrs</STRONG> (Thumb, 190 bytes, Stack size 24 bytes, peer.o(i.peer_disc_chrs))
<BR><BR>[Stack]<UL><LI>Max Depth = 328<LI>Call Chain = peer_disc_chrs &rArr; ble_gattc_disc_all_dscs &rArr; ble_gattc_process_status &rArr; ble_hs_timer_resched &rArr; npl_freertos_callout_reset &rArr; xTimerGenericCommand &rArr; xQueueGenericSend &rArr; prvUnlockQueue &rArr; prvCopyDataToQueue &rArr; xTaskPriorityDisinherit
</UL>
<BR>[Calls]<UL><LI><a href="#[354]">&gt;&gt;</a>&nbsp;&nbsp;&nbsp;ble_gattc_disc_all_dscs
<LI><a href="#[350]">&gt;&gt;</a>&nbsp;&nbsp;&nbsp;ble_gattc_disc_all_chrs
</UL>
<BR>[Called By]<UL><LI><a href="#[70]">&gt;&gt;</a>&nbsp;&nbsp;&nbsp;peer_svc_disced
<LI><a href="#[71]">&gt;&gt;</a>&nbsp;&nbsp;&nbsp;peer_chr_disced
</UL>

<P><STRONG><a name="[471]"></a>peer_disc_dscs</STRONG> (Thumb, 132 bytes, Stack size 24 bytes, peer.o(i.peer_disc_dscs))
<BR><BR>[Stack]<UL><LI>Max Depth = 328<LI>Call Chain = peer_disc_dscs &rArr; ble_gattc_disc_all_dscs &rArr; ble_gattc_process_status &rArr; ble_hs_timer_resched &rArr; npl_freertos_callout_reset &rArr; xTimerGenericCommand &rArr; xQueueGenericSend &rArr; prvUnlockQueue &rArr; prvCopyDataToQueue &rArr; xTaskPriorityDisinherit
</UL>
<BR>[Calls]<UL><LI><a href="#[354]">&gt;&gt;</a>&nbsp;&nbsp;&nbsp;ble_gattc_disc_all_dscs
</UL>
<BR>[Called By]<UL><LI><a href="#[72]">&gt;&gt;</a>&nbsp;&nbsp;&nbsp;peer_dsc_disced
</UL>

<P><STRONG><a name="[72]"></a>peer_dsc_disced</STRONG> (Thumb, 262 bytes, Stack size 24 bytes, peer.o(i.peer_dsc_disced))
<BR><BR>[Stack]<UL><LI>Max Depth = 352<LI>Call Chain = peer_dsc_disced &rArr; peer_disc_dscs &rArr; ble_gattc_disc_all_dscs &rArr; ble_gattc_process_status &rArr; ble_hs_timer_resched &rArr; npl_freertos_callout_reset &rArr; xTimerGenericCommand &rArr; xQueueGenericSend &rArr; prvUnlockQueue &rArr; prvCopyDataToQueue &rArr; xTaskPriorityDisinherit
</UL>
<BR>[Calls]<UL><LI><a href="#[297]">&gt;&gt;</a>&nbsp;&nbsp;&nbsp;abort
<LI><a href="#[2fd]">&gt;&gt;</a>&nbsp;&nbsp;&nbsp;os_memblock_get
<LI><a href="#[471]">&gt;&gt;</a>&nbsp;&nbsp;&nbsp;peer_disc_dscs
</UL>
<BR>[Address Reference Count : 2]<UL><LI> peer.o(i.peer_disc_chrs)
<LI> peer.o(i.peer_disc_dscs)
</UL>
<P><STRONG><a name="[70]"></a>peer_svc_disced</STRONG> (Thumb, 194 bytes, Stack size 24 bytes, peer.o(i.peer_svc_disced))
<BR><BR>[Stack]<UL><LI>Max Depth = 352<LI>Call Chain = peer_svc_disced &rArr; peer_disc_chrs &rArr; ble_gattc_disc_all_dscs &rArr; ble_gattc_process_status &rArr; ble_hs_timer_resched &rArr; npl_freertos_callout_reset &rArr; xTimerGenericCommand &rArr; xQueueGenericSend &rArr; prvUnlockQueue &rArr; prvCopyDataToQueue &rArr; xTaskPriorityDisinherit
</UL>
<BR>[Calls]<UL><LI><a href="#[297]">&gt;&gt;</a>&nbsp;&nbsp;&nbsp;abort
<LI><a href="#[2fd]">&gt;&gt;</a>&nbsp;&nbsp;&nbsp;os_memblock_get
<LI><a href="#[470]">&gt;&gt;</a>&nbsp;&nbsp;&nbsp;peer_disc_chrs
</UL>
<BR>[Address Reference Count : 1]<UL><LI> peer.o(i.peer_disc_all)
</UL>
<P><STRONG><a name="[7]"></a>gatt_svr_chr_access_heart_rate</STRONG> (Thumb, 46 bytes, Stack size 8 bytes, gatt_svr.o(i.gatt_svr_chr_access_heart_rate))
<BR><BR>[Stack]<UL><LI>Max Depth = 64<LI>Call Chain = gatt_svr_chr_access_heart_rate &rArr; os_mbuf_append &rArr; os_memblock_get
</UL>
<BR>[Calls]<UL><LI><a href="#[297]">&gt;&gt;</a>&nbsp;&nbsp;&nbsp;abort
<LI><a href="#[29f]">&gt;&gt;</a>&nbsp;&nbsp;&nbsp;os_mbuf_append
<LI><a href="#[2ff]">&gt;&gt;</a>&nbsp;&nbsp;&nbsp;ble_uuid_u16
<LI><a href="#[16c]">&gt;&gt;</a>&nbsp;&nbsp;&nbsp;__2printf
</UL>
<BR>[Address Reference Count : 1]<UL><LI> gatt_svr.o(.data)
</UL>
<P><STRONG><a name="[8]"></a>gatt_svr_chr_access_uart_read_write</STRONG> (Thumb, 44 bytes, Stack size 272 bytes, gatt_svr.o(i.gatt_svr_chr_access_uart_read_write))
<BR><BR>[Stack]<UL><LI>Max Depth = 304<LI>Call Chain = gatt_svr_chr_access_uart_read_write &rArr; os_mbuf_copydata &rArr; __aeabi_memcpy
</UL>
<BR>[Calls]<UL><LI><a href="#[2ea]">&gt;&gt;</a>&nbsp;&nbsp;&nbsp;os_mbuf_copydata
<LI><a href="#[435]">&gt;&gt;</a>&nbsp;&nbsp;&nbsp;TGT_SendMultiData
<LI><a href="#[16c]">&gt;&gt;</a>&nbsp;&nbsp;&nbsp;__2printf
</UL>
<BR>[Address Reference Count : 1]<UL><LI> gatt_svr.o(.data)
</UL>
<P><STRONG><a name="[38]"></a>LL_SlvConnEvtHandler</STRONG> (Thumb, 18 bytes, Stack size 8 bytes, ll_conn_slv.o(.ramfunc))
<BR><BR>[Stack]<UL><LI>Max Depth = 224<LI>Call Chain = LL_SlvConnEvtHandler &rArr; LL_StopSlvConnEvt &rArr; LL_ConnEvtStopHandler &rArr; LL_AdjustConnParam &rArr; LL_NotifyDataLenChangeCmpl &rArr; LL_SendQueueMsg &rArr; MDC_SendQueueMsg &rArr; MsgEnqueue &rArr; QUEUE_Enquene
</UL>
<BR>[Calls]<UL><LI><a href="#[253]">&gt;&gt;</a>&nbsp;&nbsp;&nbsp;LL_StopSlvConnEvt (via Veneer)
<LI><a href="#[4bb]">&gt;&gt;</a>&nbsp;&nbsp;&nbsp;LL_StartSlvConnEvt
</UL>
<BR>[Address Reference Count : 1]<UL><LI> ll_conn_slv.o(i.LL_SlvInit)
</UL>
<P><STRONG><a name="[269]"></a>RF_PhyCfgTimeInit</STRONG> (Thumb, 182 bytes, Stack size 16 bytes, rf_phy.o(i.RF_PhyCfgTimeInit))
<BR><BR>[Stack]<UL><LI>Max Depth = 16<LI>Call Chain = RF_PhyCfgTimeInit
</UL>
<BR>[Called By]<UL><LI><a href="#[148]">&gt;&gt;</a>&nbsp;&nbsp;&nbsp;RF_PhyInit
</UL>

<P><STRONG><a name="[35]"></a>LL_ScanEvtHandler</STRONG> (Thumb, 114 bytes, Stack size 16 bytes, ll_scan.o(.ramfunc))
<BR><BR>[Stack]<UL><LI>Max Depth = 168<LI>Call Chain = LL_ScanEvtHandler &rArr; LL_NewTxPowerReqHandler &rArr; BB_SetTxPower &rArr; RF_SetPowerLevel &rArr; info_read_from_type &rArr; FMC_ReadInfoArea &rArr; FMC_ReadStream &rArr; __aeabi_memcpy
</UL>
<BR>[Calls]<UL><LI><a href="#[232]">&gt;&gt;</a>&nbsp;&nbsp;&nbsp;LL_NewTxPowerReqHandler (via Veneer)
<LI><a href="#[13e]">&gt;&gt;</a>&nbsp;&nbsp;&nbsp;BB_Reset
<LI><a href="#[134]">&gt;&gt;</a>&nbsp;&nbsp;&nbsp;assert_failed (via Veneer)
<LI><a href="#[251]">&gt;&gt;</a>&nbsp;&nbsp;&nbsp;LL_TrackTimingScan
<LI><a href="#[4d9]">&gt;&gt;</a>&nbsp;&nbsp;&nbsp;LL_ScanStart
</UL>
<BR>[Address Reference Count : 1]<UL><LI> ll_scan.o(i.LL_MstScanInit)
</UL>
<P><STRONG><a name="[43b]"></a>check_dcoc_in_abs_limit</STRONG> (Thumb, 228 bytes, Stack size 32 bytes, rf_misc.o(i.check_dcoc_in_abs_limit))
<BR><BR>[Stack]<UL><LI>Max Depth = 72<LI>Call Chain = check_dcoc_in_abs_limit &rArr; RF_WritePhyCfg
</UL>
<BR>[Calls]<UL><LI><a href="#[263]">&gt;&gt;</a>&nbsp;&nbsp;&nbsp;RF_WritePhyCfg (via Veneer)
</UL>
<BR>[Called By]<UL><LI><a href="#[26a]">&gt;&gt;</a>&nbsp;&nbsp;&nbsp;dcoc_calibration_process
</UL>

<P><STRONG><a name="[287]"></a>_fp_digits</STRONG> (Thumb, 344 bytes, Stack size 64 bytes, printfa.o(i._fp_digits), UNUSED)
<BR><BR>[Calls]<UL><LI><a href="#[11c]">&gt;&gt;</a>&nbsp;&nbsp;&nbsp;__aeabi_uldivmod
<LI><a href="#[129]">&gt;&gt;</a>&nbsp;&nbsp;&nbsp;__aeabi_dmul
<LI><a href="#[12a]">&gt;&gt;</a>&nbsp;&nbsp;&nbsp;__aeabi_ddiv
<LI><a href="#[123]">&gt;&gt;</a>&nbsp;&nbsp;&nbsp;__aeabi_dadd
<LI><a href="#[12b]">&gt;&gt;</a>&nbsp;&nbsp;&nbsp;__aeabi_d2ulz
<LI><a href="#[288]">&gt;&gt;</a>&nbsp;&nbsp;&nbsp;__aeabi_cdrcmple
</UL>
<BR>[Called By]<UL><LI><a href="#[280]">&gt;&gt;</a>&nbsp;&nbsp;&nbsp;_printf_core
</UL>

<P><STRONG><a name="[280]"></a>_printf_core</STRONG> (Thumb, 1760 bytes, Stack size 128 bytes, printfa.o(i._printf_core), UNUSED)
<BR><BR>[Calls]<UL><LI><a href="#[11c]">&gt;&gt;</a>&nbsp;&nbsp;&nbsp;__aeabi_uldivmod
<LI><a href="#[11b]">&gt;&gt;</a>&nbsp;&nbsp;&nbsp;__aeabi_uidivmod
<LI><a href="#[294]">&gt;&gt;</a>&nbsp;&nbsp;&nbsp;_printf_pre_padding
<LI><a href="#[295]">&gt;&gt;</a>&nbsp;&nbsp;&nbsp;_printf_post_padding
<LI><a href="#[287]">&gt;&gt;</a>&nbsp;&nbsp;&nbsp;_fp_digits
</UL>
<BR>[Called By]<UL><LI><a href="#[283]">&gt;&gt;</a>&nbsp;&nbsp;&nbsp;__0vsnprintf
<LI><a href="#[282]">&gt;&gt;</a>&nbsp;&nbsp;&nbsp;__0vprintf
<LI><a href="#[281]">&gt;&gt;</a>&nbsp;&nbsp;&nbsp;__0sprintf
<LI><a href="#[27f]">&gt;&gt;</a>&nbsp;&nbsp;&nbsp;__0printf
</UL>

<P><STRONG><a name="[295]"></a>_printf_post_padding</STRONG> (Thumb, 32 bytes, Stack size 24 bytes, printfa.o(i._printf_post_padding), UNUSED)
<BR><BR>[Called By]<UL><LI><a href="#[280]">&gt;&gt;</a>&nbsp;&nbsp;&nbsp;_printf_core
</UL>

<P><STRONG><a name="[294]"></a>_printf_pre_padding</STRONG> (Thumb, 44 bytes, Stack size 40 bytes, printfa.o(i._printf_pre_padding), UNUSED)
<BR><BR>[Called By]<UL><LI><a href="#[280]">&gt;&gt;</a>&nbsp;&nbsp;&nbsp;_printf_core
</UL>

<P><STRONG><a name="[3b]"></a>_snputc</STRONG> (Thumb, 22 bytes, Stack size 0 bytes, printfa.o(i._snputc))
<BR>[Address Reference Count : 1]<UL><LI> printfa.o(i.__0vsnprintf)
</UL>
<P><STRONG><a name="[3a]"></a>_sputc</STRONG> (Thumb, 10 bytes, Stack size 0 bytes, printfa.o(i._sputc))
<BR><BR>[Called By]<UL><LI><a href="#[281]">&gt;&gt;</a>&nbsp;&nbsp;&nbsp;__0sprintf
</UL>
<BR>[Address Reference Count : 1]<UL><LI> printfa.o(i.__0sprintf)
</UL>
<P><STRONG><a name="[285]"></a>internal_alloc</STRONG> (Thumb, 74 bytes, Stack size 24 bytes, mallocr.o(i.internal_alloc))
<BR><BR>[Stack]<UL><LI>Max Depth = 32<LI>Call Chain = internal_alloc &rArr; __aeabi_memcpy
</UL>
<BR>[Calls]<UL><LI><a href="#[166]">&gt;&gt;</a>&nbsp;&nbsp;&nbsp;__aeabi_memcpy
</UL>
<BR>[Called By]<UL><LI><a href="#[366]">&gt;&gt;</a>&nbsp;&nbsp;&nbsp;realloc
<LI><a href="#[284]">&gt;&gt;</a>&nbsp;&nbsp;&nbsp;__malloc$realloc
</UL>
<P>
<H3>
Undefined Global Symbols
</H3>
<P><STRONG><a name="[119]"></a>__arm_fini_</STRONG> (Unknown, 0 bytes, Stack size 0 bytes, UNDEFINED)
<BR><BR>[Called By]<UL><LI><a href="#[118]">&gt;&gt;</a>&nbsp;&nbsp;&nbsp;__rt_lib_shutdown_fini
</UL>
<HR></body></html>
