<html>
<body>
<pre>
<h1>礦ision Build Log</h1>
<h2>Tool Versions:</h2>
IDE-Version: μVision V5.41.0.0
Copyright (C) 2024 ARM Ltd and ARM Germany GmbH. All rights reserved.
License Information: mc xu, China, LIC=JGXHG-E6QA4-GCMJ3-NADH2-PS14X-VSYUS
 
Tool Versions:
Toolchain:       MDK-ARM Community  Version: 5.41.0.0
Toolchain Path:  D:\keildate\local\keil_v5\ARM\compiler 5\Bin
C Compiler:      Armcc.exe V5.06 update 7 (build 960)
Assembler:       Armasm.exe V5.06 update 7 (build 960)
Linker/Locator:  ArmLink.exe V5.06 update 7 (build 960)
Library Manager: ArmAr.exe V5.06 update 7 (build 960)
Hex Converter:   FromElf.exe V5.06 update 7 (build 960)
CPU DLL:         SARMCM3.DLL V5.41.0.0
Dialog DLL:      DARMCM1.DLL V1.19.6.0
Target DLL:      Segger\JL2CM3.dll V2.99.45.0
Dialog DLL:      TARMCM1.DLL V1.14.6.0
 
<h2>Project:</h2>
D:\blutooth\pan1070-ndk-v0.7.0\01_SDK\nimble\samples\solutions\ble_hid_uart_mult_roles\keil_107x\ble_hid_uart_mult_roles.uvprojx
Project File Date:  11/04/2024

<h2>Output:</h2>
*** Using Compiler 'V5.06 update 7 (build 960)', folder: 'D:\keildate\local\keil_v5\ARM\compiler 5\Bin'
Rebuild target 'ble_hid_uart_mult_roles_spark'
assembling startup_PANSeries.s...
compiling pan_wdt.c...
compiling pan_dmac.c...
compiling pan_timer.c...
compiling system_PANSeries.c...
compiling pan_lp.c...
compiling pan_clktrim.c...
compiling list.c...
compiling event_groups.c...
compiling pan_uart.c...
compiling pan_fmc.c...
compiling pan_wwdt.c...
compiling queue.c...
compiling pan_sys.c...
compiling pan_gpio.c...
compiling pan_clk.c...
compiling SEGGER_RTT.c...
compiling heap_4.c...
compiling os_setup.c...
compiling timers.c...
compiling port.c...
compiling stream_buffer.c...
compiling os_lp.c...
compiling retarget.c...
compiling tasks.c...
compiling ble_eddystone.c...
compiling ble_att.c...
compiling ble_att_cmd.c...
compiling ble_att_clt.c...
compiling ble_att_svr.c...
compiling ble_gattc.c...
compiling ble_gap.c...
..\..\..\..\host\nimble\nimble\host\src\ble_gap.c(1789): warning:  #177-D: function "ble_gap_rd_rem_sup_feat_tx"  was declared but never referenced
  ble_gap_rd_rem_sup_feat_tx(uint16_t handle)
..\..\..\..\host\nimble\nimble\host\src\ble_gap.c: 1 warning, 0 errors
compiling ble_hs_cfg.c...
compiling ble_hs_adv.c...
compiling ble_hs_atomic.c...
compiling ble_gatts_lcl.c...
compiling ble_hs.c...
compiling ble_gatts.c...
compiling ble_hs_conn.c...
compiling ble_hs_flow.c...
compiling ble_hs_shutdown.c...
compiling ble_hs_hci_cmd.c...
compiling ble_hs_id.c...
compiling ble_hs_hci_util.c...
compiling ble_hs_hci.c...
compiling ble_hs_hci_evt.c...
compiling ble_hs_log.c...
compiling ble_hs_mbuf.c...
compiling ble_hs_periodic_sync.c...
compiling ble_hs_pvcy.c...
compiling ble_hs_mqueue.c...
compiling ble_hs_misc.c...
compiling ble_hs_startup.c...
compiling ble_hs_stop.c...
compiling ble_l2cap.c...
compiling ble_ibeacon.c...
compiling aes_decrypt.c...
compiling aes_encrypt.c...
compiling ble_l2cap_coc.c...
compiling ecc_dh.c...
compiling ecc.c...
compiling cmac_mode.c...
compiling ble_l2cap_sig_cmd.c...
compiling ble_sm_cmd.c...
compiling ble_l2cap_sig.c...
compiling ble_sm_alg.c...
compiling ble_sm.c...
..\..\..\..\host\nimble\nimble\host\src\ble_sm.c(1109): warning:  #111-D: statement is unreachable
      rc = ble_store_util_count(obj_type, &count);
..\..\..\..\host\nimble\nimble\host\src\ble_sm.c: 1 warning, 0 errors
compiling ble_sm_lgcy.c...
compiling base64.c...
compiling utils.c...
compiling endian.c...
compiling monitor.c...
compiling ble_uuid.c...
compiling ble_sm_sc.c...
compiling ble_store_util.c...
compiling ble_store.c...
compiling ble_store_config_conf.c...
compiling npl_os_freertos.c...
compiling os_mempool.c...
compiling nimble_port.c...
compiling addr.c...
compiling mem.c...
compiling transport.c...
compiling os_mbuf.c...
compiling os_msys_init.c...
compiling mtb_init.c...
compiling app_version.c...
compiling nimble_glue_spark.c...
compiling mtb_kvstore.c...
compiling ble_svc_gap.c...
compiling ble_store_config.c...
compiling ble_svc_gatt.c...
compiling main.c...
compiling gatt_svr.c...
compiling peer.c...
compiling misc.c...
compiling uart_AT.c...
linking...
Program Size: Code=152640 RO-data=5624 RW-data=1240 ZI-data=29988  
FromELF: creating hex file...
After Build - User command #1: post.bat ".\Images\ndk_app.bin"  ".\Images\ndk_app.asm" "D:\blutooth\pan1070-ndk-v0.7.0\01_SDK\nimble\samples\solutions\ble_hid_uart_mult_roles\keil_107x\Objects\ble_hid_uart_mult_roles.axf" ".\Images\ndk_app.bin" "D:\keildate\local\keil_v5\ARM\ARMCC\bin\fromelf.exe"
系统找不到指定的路径。
系统找不到指定的路径。
"Proccess Over!"
".\Objects\ble_hid_uart_mult_roles.axf" - 0 Error(s), 2 Warning(s).

<h2>Software Packages used:</h2>

Package Vendor: ARM
                https://www.keil.com/pack/ARM.Cortex_DFP.1.1.0.pack
                ARM::Cortex_DFP@1.1.0
                ARM Cortex Reference Subsystems Device Family Pack

<h2>Collection of Component include folders:</h2>
  D:/keildate/local/Packs/ARM/Cortex_DFP/1.1.0/Device/ARMCM0/Include

<h2>Collection of Component Files used:</h2>
Build Time Elapsed:  00:00:15
</pre>
</body>
</html>
